Archive member included to satisfy reference by file (symbol)

C:\Users\student\Desktop\Rakieta - 10.06\Rakieta\Lib_CMSISv1p30_LPC17xx\Debug\libCMSISv1p30_LPC17xx.a(system_LPC17xx.o)
                              ./src/main.o (SystemCoreClock)
C:\Users\student\Desktop\Rakieta - 10.06\Rakieta\Lib_EaBaseBoard\Debug\libLib_EaBaseBoard.a(font5x7.o)
                              ./src/myOled.o (font5x7)
C:\Users\student\Desktop\Rakieta - 10.06\Rakieta\Lib_MCU\Debug\libLib_MCU.a(lpc17xx_adc.o)
                              ./src/main.o (ADC_Init)
C:\Users\student\Desktop\Rakieta - 10.06\Rakieta\Lib_MCU\Debug\libLib_MCU.a(lpc17xx_clkpwr.o)
                              C:\Users\student\Desktop\Rakieta - 10.06\Rakieta\Lib_MCU\Debug\libLib_MCU.a(lpc17xx_adc.o) (CLKPWR_GetPCLK)
C:\Users\student\Desktop\Rakieta - 10.06\Rakieta\Lib_MCU\Debug\libLib_MCU.a(lpc17xx_gpio.o)
                              ./src/myEmbededTemp.o (GPIO_SetDir)
C:\Users\student\Desktop\Rakieta - 10.06\Rakieta\Lib_MCU\Debug\libLib_MCU.a(lpc17xx_i2c.o)
                              ./src/main.o (I2C_Init)
C:\Users\student\Desktop\Rakieta - 10.06\Rakieta\Lib_MCU\Debug\libLib_MCU.a(lpc17xx_pinsel.o)
                              ./src/main.o (PINSEL_ConfigPin)
C:\Users\student\Desktop\Rakieta - 10.06\Rakieta\Lib_MCU\Debug\libLib_MCU.a(lpc17xx_ssp.o)
                              ./src/main.o (SSP_Init)
C:\Users\student\Desktop\Rakieta - 10.06\Rakieta\Lib_MCU\Debug\libLib_MCU.a(lpc17xx_timer.o)
                              ./src/main.o (Timer0_Wait)
c:/nxp/mcuxpressoide_11.3.1_5262/ide/plugins/com.nxp.mcuxpresso.tools.win32_11.3.0.202008311133/tools/bin/../lib/gcc/arm-none-eabi/9.3.1/thumb/v7-m/nofp\libgcc.a(_aeabi_uldivmod.o)
                              C:\Users\student\Desktop\Rakieta - 10.06\Rakieta\Lib_CMSISv1p30_LPC17xx\Debug\libCMSISv1p30_LPC17xx.a(system_LPC17xx.o) (__aeabi_uldivmod)
c:/nxp/mcuxpressoide_11.3.1_5262/ide/plugins/com.nxp.mcuxpresso.tools.win32_11.3.0.202008311133/tools/bin/../lib/gcc/arm-none-eabi/9.3.1/thumb/v7-m/nofp\libgcc.a(_udivmoddi4.o)
                              c:/nxp/mcuxpressoide_11.3.1_5262/ide/plugins/com.nxp.mcuxpresso.tools.win32_11.3.0.202008311133/tools/bin/../lib/gcc/arm-none-eabi/9.3.1/thumb/v7-m/nofp\libgcc.a(_aeabi_uldivmod.o) (__udivmoddi4)
c:/nxp/mcuxpressoide_11.3.1_5262/ide/plugins/com.nxp.mcuxpresso.tools.win32_11.3.0.202008311133/tools/bin/../lib/gcc/arm-none-eabi/9.3.1/thumb/v7-m/nofp\libgcc.a(_dvmd_tls.o)
                              c:/nxp/mcuxpressoide_11.3.1_5262/ide/plugins/com.nxp.mcuxpresso.tools.win32_11.3.0.202008311133/tools/bin/../lib/gcc/arm-none-eabi/9.3.1/thumb/v7-m/nofp\libgcc.a(_aeabi_uldivmod.o) (__aeabi_ldiv0)
c:/nxp/mcuxpressoide_11.3.1_5262/ide/plugins/com.nxp.mcuxpresso.tools.win32_11.3.0.202008311133/tools/bin/../lib/gcc/arm-none-eabi/9.3.1/../../../../arm-none-eabi/lib/thumb/v7-m/nofp\libc.a(lib_a-memcpy.o)
                              ./src/eeprom.o (memcpy)
c:/nxp/mcuxpressoide_11.3.1_5262/ide/plugins/com.nxp.mcuxpresso.tools.win32_11.3.0.202008311133/tools/bin/../lib/gcc/arm-none-eabi/9.3.1/../../../../arm-none-eabi/lib/thumb/v7-m/nofp\libc.a(lib_a-memset.o)
                              ./src/main.o (memset)
c:/nxp/mcuxpressoide_11.3.1_5262/ide/plugins/com.nxp.mcuxpresso.tools.win32_11.3.0.202008311133/tools/bin/../lib/gcc/arm-none-eabi/9.3.1/../../../../arm-none-eabi/lib/thumb/v7-m/nofp\libc.a(lib_a-sprintf.o)
                              ./src/main.o (sprintf)
c:/nxp/mcuxpressoide_11.3.1_5262/ide/plugins/com.nxp.mcuxpresso.tools.win32_11.3.0.202008311133/tools/bin/../lib/gcc/arm-none-eabi/9.3.1/../../../../arm-none-eabi/lib/thumb/v7-m/nofp\libc.a(lib_a-svfprintf.o)
                              c:/nxp/mcuxpressoide_11.3.1_5262/ide/plugins/com.nxp.mcuxpresso.tools.win32_11.3.0.202008311133/tools/bin/../lib/gcc/arm-none-eabi/9.3.1/../../../../arm-none-eabi/lib/thumb/v7-m/nofp\libc.a(lib_a-sprintf.o) (_svfprintf_r)
c:/nxp/mcuxpressoide_11.3.1_5262/ide/plugins/com.nxp.mcuxpresso.tools.win32_11.3.0.202008311133/tools/bin/../lib/gcc/arm-none-eabi/9.3.1/../../../../arm-none-eabi/lib/thumb/v7-m/nofp\libc.a(lib_a-dtoa.o)
                              c:/nxp/mcuxpressoide_11.3.1_5262/ide/plugins/com.nxp.mcuxpresso.tools.win32_11.3.0.202008311133/tools/bin/../lib/gcc/arm-none-eabi/9.3.1/../../../../arm-none-eabi/lib/thumb/v7-m/nofp\libc.a(lib_a-svfprintf.o) (_dtoa_r)
c:/nxp/mcuxpressoide_11.3.1_5262/ide/plugins/com.nxp.mcuxpresso.tools.win32_11.3.0.202008311133/tools/bin/../lib/gcc/arm-none-eabi/9.3.1/../../../../arm-none-eabi/lib/thumb/v7-m/nofp\libc.a(lib_a-freer.o)
                              c:/nxp/mcuxpressoide_11.3.1_5262/ide/plugins/com.nxp.mcuxpresso.tools.win32_11.3.0.202008311133/tools/bin/../lib/gcc/arm-none-eabi/9.3.1/../../../../arm-none-eabi/lib/thumb/v7-m/nofp\libc.a(lib_a-svfprintf.o) (_free_r)
[...]
Memory Configuration

Name             Origin             Length             Attributes
MFlash512        0x00000000         0x00080000         xr
RamLoc32         0x10000000         0x00008000         xrw
RamAHB32         0x2007c000         0x00008000         xrw
*default*        0x00000000         0xffffffff

Linker script and memory map

LOAD ./src/MyEeprom.o
LOAD ./src/cr_startup_lpc17.o
LOAD ./src/eeprom.o
LOAD ./src/main.o
LOAD ./src/myAcc.o
LOAD ./src/myBarometr.o
LOAD ./src/myEmbededTemp.o
LOAD ./src/myJoystick.o
LOAD ./src/myLight.o
LOAD ./src/myOled.o
LOAD ./src/myRgb.o
LOAD ./src/myTemp.o
LOAD C:\Users\student\Desktop\Rakieta - 10.06\Rakieta\Lib_CMSISv1p30_LPC17xx\Debug\libCMSISv1p30_LPC17xx.a
LOAD C:\Users\student\Desktop\Rakieta - 10.06\Rakieta\Lib_EaBaseBoard\Debug\libLib_EaBaseBoard.a
LOAD C:\Users\student\Desktop\Rakieta - 10.06\Rakieta\Lib_MCU\Debug\libLib_MCU.a
START GROUP
LOAD c:/nxp/mcuxpressoide_11.3.1_5262/ide/plugins/com.nxp.mcuxpresso.tools.win32_11.3.0.202008311133/tools/bin/../lib/gcc/arm-none-eabi/9.3.1/thumb/v7-m/nofp\libgcc.a
LOAD c:/nxp/mcuxpressoide_11.3.1_5262/ide/plugins/com.nxp.mcuxpresso.tools.win32_11.3.0.202008311133/tools/bin/../lib/gcc/arm-none-eabi/9.3.1/../../../../arm-none-eabi/lib/thumb/v7-m/nofp\libc.a
LOAD c:/nxp/mcuxpressoide_11.3.1_5262/ide/plugins/com.nxp.mcuxpresso.tools.win32_11.3.0.202008311133/tools/bin/../lib/gcc/arm-none-eabi/9.3.1/../../../../arm-none-eabi/lib/thumb/v7-m/nofp\libm.a
LOAD c:/nxp/mcuxpressoide_11.3.1_5262/ide/plugins/com.nxp.mcuxpresso.tools.win32_11.3.0.202008311133/tools/bin/../lib/gcc/arm-none-eabi/9.3.1/../../../../arm-none-eabi/lib/thumb/v7-m/nofp\libcr_newlib_semihost.a
END GROUP
                0x00000000                __base_MFlash512 = 0x0
                0x00000000                __base_Flash = 0x0
                0x00080000                __top_MFlash512 = 0x80000
                0x00080000                __top_Flash = 0x80000
                0x10000000                __base_RamLoc32 = 0x10000000
                0x10000000                __base_RAM = 0x10000000
                0x10008000                __top_RamLoc32 = 0x10008000
                0x10008000                __top_RAM = 0x10008000
                0x2007c000                __base_RamAHB32 = 0x2007c000
                0x2007c000                __base_RAM2 = 0x2007c000
                0x20084000                __top_RamAHB32 = 0x20084000
                0x20084000                __top_RAM2 = 0x20084000

.text           0x00000000     0xb230
 FILL mask 0xff
                0x00000000                __vectors_start__ = ABSOLUTE (.)
 *(.isr_vector)
 .isr_vector    0x00000000       0xcc ./src/cr_startup_lpc17.o
                0x00000000                g_pfnVectors
                0x000000cc                . = ALIGN (0x4)
                0x000000cc                __section_table_start = .
                0x000000cc                __data_section_table = .
                0x000000cc        0x4 LONG 0xb238 LOADADDR (.data)
                0x000000d0        0x4 LONG 0x10000000 ADDR (.data)
                0x000000d4        0x4 LONG 0x9bc SIZEOF (.data)
                0x000000d8        0x4 LONG 0xb238 LOADADDR (.data_RAM2)
                0x000000dc        0x4 LONG 0x2007c000 ADDR (.data_RAM2)
                0x000000e0        0x4 LONG 0x0 SIZEOF (.data_RAM2)
                0x000000e4                __data_section_table_end = .
                0x000000e4                __bss_section_table = .
                0x000000e4        0x4 LONG 0x100009bc ADDR (.bss)
                0x000000e8        0x4 LONG 0x414 SIZEOF (.bss)
                0x000000ec        0x4 LONG 0x2007c000 ADDR (.bss_RAM2)
                0x000000f0        0x4 LONG 0x0 SIZEOF (.bss_RAM2)
                0x000000f4                __bss_section_table_end = .
                0x000000f4                __section_table_end = .
 *(.after_vectors*)
 *(.text*)
 .text.ResetISR
                0x000000f4       0x58 ./src/cr_startup_lpc17.o
                0x000000f4                ResetISR
 .text.NMI_Handler
                0x0000014c        0x6 ./src/cr_startup_lpc17.o
                0x0000014c                NMI_Handler
 .text.HardFault_Handler
                0x00000152        0x6 ./src/cr_startup_lpc17.o
                0x00000152                HardFault_Handler
 .text.MemManage_Handler
                0x00000158        0x6 ./src/cr_startup_lpc17.o
                0x00000158                MemManage_Handler
 .text.BusFault_Handler
                0x0000015e        0x6 ./src/cr_startup_lpc17.o
                0x0000015e                BusFault_Handler
 .text.UsageFault_Handler
                0x00000164        0x6 ./src/cr_startup_lpc17.o
                0x00000164                UsageFault_Handler
 .text.SVCall_Handler
                0x0000016a        0x6 ./src/cr_startup_lpc17.o
                0x0000016a                SVCall_Handler
 .text.DebugMon_Handler
                0x00000170        0x6 ./src/cr_startup_lpc17.o
                0x00000170                DebugMon_Handler
 .text.PendSV_Handler
                0x00000176        0x6 ./src/cr_startup_lpc17.o
                0x00000176                PendSV_Handler
 .text.IntDefaultHandler
                0x0000017c        0x6 ./src/cr_startup_lpc17.o
                0x0000017c                TIMER2_IRQHandler
                0x0000017c                RIT_IRQHandler
                0x0000017c                I2C0_IRQHandler
                0x0000017c                USBActivity_IRQHandler
                0x0000017c                PWM1_IRQHandler
                0x0000017c                I2C1_IRQHandler
                0x0000017c                EINT2_IRQHandler
                0x0000017c                UART1_IRQHandler
                0x0000017c                EINT3_IRQHandler
                0x0000017c                CANActivity_IRQHandler
                0x0000017c                TIMER3_IRQHandler
                0x0000017c                UART0_IRQHandler
                0x0000017c                IntDefaultHandler
                0x0000017c                PLL0_IRQHandler
                0x0000017c                CAN_IRQHandler
                0x0000017c                PLL1_IRQHandler
                0x0000017c                SSP0_IRQHandler
                0x0000017c                I2S_IRQHandler
                0x0000017c                I2C2_IRQHandler
                0x0000017c                RTC_IRQHandler
                0x0000017c                TIMER0_IRQHandler
                0x0000017c                SPI_IRQHandler
                0x0000017c                EINT1_IRQHandler
                0x0000017c                TIMER1_IRQHandler
                0x0000017c                UART2_IRQHandler
                0x0000017c                ADC_IRQHandler
                0x0000017c                SSP1_IRQHandler
                0x0000017c                USB_IRQHandler
                0x0000017c                BOD_IRQHandler
                0x0000017c                WDT_IRQHandler
                0x0000017c                QEI_IRQHandler
                0x0000017c                EINT0_IRQHandler
                0x0000017c                DMA_IRQHandler
                0x0000017c                UART3_IRQHandler
                0x0000017c                MCPWM_IRQHandler
                0x0000017c                ENET_IRQHandler
 *fill*         0x00000182        0x2 ff
 .text.I2CRead  0x00000184       0x50 ./src/eeprom.o
 .text.I2CWrite
                0x000001d4       0x50 ./src/eeprom.o
 .text.eepromDelay
                0x00000224       0x2a ./src/eeprom.o
 .text.eeprom_init
                0x0000024e        0xc ./src/eeprom.o
                0x0000024e                eeprom_init
 .text.eeprom_read
                0x0000025a       0x84 ./src/eeprom.o
                0x0000025a                eeprom_read
 .text.eeprom_write
                0x000002de       0xf4 ./src/eeprom.o
                0x000002de                eeprom_write
 *fill*         0x000003d2        0x2 ff
 .text.NVIC_SetPriority
                0x000003d4       0x54 ./src/main.o
 .text.SysTick_Config
                0x00000428       0x44 ./src/main.o
 .text.updateMaxTemp
                0x0000046c       0x58 ./src/main.o
                0x0000046c                updateMaxTemp
 .text.updateMaxPress
                0x000004c4       0x58 ./src/main.o
                0x000004c4                updateMaxPress
 .text.resetMaxValues
                0x0000051c       0x40 ./src/main.o
                0x0000051c                resetMaxValues
 .text.intToString
                0x0000055c       0xc8 ./src/main.o
 .text.SysTick_Handler
                0x00000624       0x1c ./src/main.o
                0x00000624                SysTick_Handler
 .text.getTicks
                0x00000640       0x14 ./src/main.o
 .text.init_i2c
                0x00000654       0x48 ./src/main.o
 .text.init_adc
                0x0000069c       0x50 ./src/main.o
 .text.init_ssp
                0x000006ec       0x78 ./src/main.o
 .text.main     0x00000764      0x7cc ./src/main.o
                0x00000764                main
 .text.check_failed
                0x00000f30        0xc ./src/main.o
                0x00000f30                check_failed
 .text.I2CRead  0x00000f3c       0x50 ./src/myAcc.o
 .text.I2CWrite
                0x00000f8c       0x50 ./src/myAcc.o
 .text.getStatus
                0x00000fdc       0x2c ./src/myAcc.o
 .text.setModeControl
                0x00001008       0x28 ./src/myAcc.o
 .text.acc_init
                0x00001030        0xe ./src/myAcc.o
                0x00001030                acc_init
 .text.acc_read
                0x0000103e       0x9c ./src/myAcc.o
                0x0000103e                acc_read
 .text.bmp180_init
                0x000010da        0xc ./src/myBarometr.o
                0x000010da                bmp180_init
 *fill*         0x000010e6        0x2 ff
 .text.I2CRead  0x000010e8       0x50 ./src/myBarometr.o
 .text.I2CWrite
                0x00001138       0x50 ./src/myBarometr.o
 .text.i2c_read_bytes
                0x00001188       0x36 ./src/myBarometr.o
                0x00001188                i2c_read_bytes
 *fill*         0x000011be        0x2 ff
 .text.bmp180_read_calib_data
                0x000011c0       0xec ./src/myBarometr.o
                0x000011c0                bmp180_read_calib_data
 .text.bmp180_read_temperature
                0x000012ac       0x94 ./src/myBarometr.o
                0x000012ac                bmp180_read_temperature
 .text.bmp180_read_pressure
                0x00001340      0x190 ./src/myBarometr.o
                0x00001340                bmp180_read_pressure
 .text.temp_init
                0x000014d0       0x24 ./src/myEmbededTemp.o
                0x000014d0                temp_init
 .text.temp_read
                0x000014f4       0xf0 ./src/myEmbededTemp.o
                0x000014f4                temp_read
 .text.joystick_init
                0x000015e4       0x1e ./src/myJoystick.o
                0x000015e4                joystick_init
 .text.joystick_read
                0x00001602       0x86 ./src/myJoystick.o
                0x00001602                joystick_read
 .text.I2CRead  0x00001688       0x50 ./src/myLight.o
 .text.I2CWrite
                0x000016d8       0x50 ./src/myLight.o
 .text.readControlReg
                0x00001728       0x2c ./src/myLight.o
 .text.light_init
                0x00001754        0xc ./src/myLight.o
                0x00001754                light_init
 .text.light_enable
                0x00001760       0x3c ./src/myLight.o
                0x00001760                light_enable
 .text.light_setRange
                0x0000179c       0x90 ./src/myLight.o
                0x0000179c                light_setRange
 .text.writeCommand
                0x0000182c       0x48 ./src/myOled.o
 .text.writeData
                0x00001874       0x48 ./src/myOled.o
 .text.writeDataLen
                0x000018bc       0x78 ./src/myOled.o
 .text.runInitSequence
                0x00001934       0xd4 ./src/myOled.o
 .text.hLine    0x00001a08       0x58 ./src/myOled.o
 .text.vLine    0x00001a60       0x56 ./src/myOled.o
 *fill*         0x00001ab6        0x2 ff
 .text.oled_init
                0x00001ab8       0x74 ./src/myOled.o
                0x00001ab8                oled_init
 .text.oled_putPixel
                0x00001b2c      0x150 ./src/myOled.o
                0x00001b2c                oled_putPixel
 .text.oled_fillRect
                0x00001c7c       0x9e ./src/myOled.o
                0x00001c7c                oled_fillRect
 *fill*         0x00001d1a        0x2 ff
 .text.oled_clearScreen
                0x00001d1c       0x64 ./src/myOled.o
                0x00001d1c                oled_clearScreen
 .text.oled_putChar
                0x00001d80       0xd8 ./src/myOled.o
                0x00001d80                oled_putChar
 .text.oled_putString
                0x00001e58       0x52 ./src/myOled.o
                0x00001e58                oled_putString
 *fill*         0x00001eaa        0x2 ff
 .text.I2CRead  0x00001eac       0x50 ./src/myTemp.o
 .text.Mytemp_read
                0x00001efc       0x34 ./src/myTemp.o
                0x00001efc                Mytemp_read
 .text.SystemInit
                0x00001f30      0x140 C:\Users\student\Desktop\Rakieta - 10.06\Rakieta\Lib_CMSISv1p30_LPC17xx\Debug\libCMSISv1p30_LPC17xx.a(system_LPC17xx.o)
                0x00001f30                SystemInit
 .text.ADC_Init
                0x00002070       0x90 C:\Users\student\Desktop\Rakieta - 10.06\Rakieta\Lib_MCU\Debug\libLib_MCU.a(lpc17xx_adc.o)
                0x00002070                ADC_Init
 .text.ADC_StartCmd
                0x00002100       0x80 C:\Users\student\Desktop\Rakieta - 10.06\Rakieta\Lib_MCU\Debug\libLib_MCU.a(lpc17xx_adc.o)
                0x00002100                ADC_StartCmd
 .text.ADC_IntConfig
                0x00002180       0x9c C:\Users\student\Desktop\Rakieta - 10.06\Rakieta\Lib_MCU\Debug\libLib_MCU.a(lpc17xx_adc.o)
                0x00002180                ADC_IntConfig
 .text.ADC_ChannelCmd
                0x0000221c       0x60 C:\Users\student\Desktop\Rakieta - 10.06\Rakieta\Lib_MCU\Debug\libLib_MCU.a(lpc17xx_adc.o)
                0x0000221c                ADC_ChannelCmd
 .text.ADC_ChannelGetData
                0x0000227c       0x4c C:\Users\student\Desktop\Rakieta - 10.06\Rakieta\Lib_MCU\Debug\libLib_MCU.a(lpc17xx_adc.o)
                0x0000227c                ADC_ChannelGetData
 .text.ADC_ChannelGetStatus
                0x000022c8       0x7c C:\Users\student\Desktop\Rakieta - 10.06\Rakieta\Lib_MCU\Debug\libLib_MCU.a(lpc17xx_adc.o)
                0x000022c8                ADC_ChannelGetStatus
 .text.CLKPWR_SetPCLKDiv
                0x00002344       0x90 C:\Users\student\Desktop\Rakieta - 10.06\Rakieta\Lib_MCU\Debug\libLib_MCU.a(lpc17xx_clkpwr.o)
                0x00002344                CLKPWR_SetPCLKDiv
 .text.CLKPWR_GetPCLKSEL
                0x000023d4       0x48 C:\Users\student\Desktop\Rakieta - 10.06\Rakieta\Lib_MCU\Debug\libLib_MCU.a(lpc17xx_clkpwr.o)
                0x000023d4                CLKPWR_GetPCLKSEL
 .text.CLKPWR_GetPCLK
                0x0000241c       0x64 C:\Users\student\Desktop\Rakieta - 10.06\Rakieta\Lib_MCU\Debug\libLib_MCU.a(lpc17xx_clkpwr.o)
                0x0000241c                CLKPWR_GetPCLK
 .text.CLKPWR_ConfigPPWR
                0x00002480       0x58 C:\Users\student\Desktop\Rakieta - 10.06\Rakieta\Lib_MCU\Debug\libLib_MCU.a(lpc17xx_clkpwr.o)
                0x00002480                CLKPWR_ConfigPPWR
 .text.GPIO_GetPointer
                0x000024d8       0x70 C:\Users\student\Desktop\Rakieta - 10.06\Rakieta\Lib_MCU\Debug\libLib_MCU.a(lpc17xx_gpio.o)
 .text.GPIO_SetDir
                0x00002548       0x4a C:\Users\student\Desktop\Rakieta - 10.06\Rakieta\Lib_MCU\Debug\libLib_MCU.a(lpc17xx_gpio.o)
                0x00002548                GPIO_SetDir
 .text.GPIO_SetValue
                0x00002592       0x2a C:\Users\student\Desktop\Rakieta - 10.06\Rakieta\Lib_MCU\Debug\libLib_MCU.a(lpc17xx_gpio.o)
                0x00002592                GPIO_SetValue
 .text.GPIO_ClearValue
                0x000025bc       0x2a C:\Users\student\Desktop\Rakieta - 10.06\Rakieta\Lib_MCU\Debug\libLib_MCU.a(lpc17xx_gpio.o)
                0x000025bc                GPIO_ClearValue
 .text.GPIO_ReadValue
                0x000025e6       0x2a C:\Users\student\Desktop\Rakieta - 10.06\Rakieta\Lib_MCU\Debug\libLib_MCU.a(lpc17xx_gpio.o)
                0x000025e6                GPIO_ReadValue
 .text.NVIC_EnableIRQ
                0x00002610       0x30 C:\Users\student\Desktop\Rakieta - 10.06\Rakieta\Lib_MCU\Debug\libLib_MCU.a(lpc17xx_i2c.o)
 .text.NVIC_DisableIRQ
                0x00002640       0x34 C:\Users\student\Desktop\Rakieta - 10.06\Rakieta\Lib_MCU\Debug\libLib_MCU.a(lpc17xx_i2c.o)
 .text.I2C_getNum
                0x00002674       0x48 C:\Users\student\Desktop\Rakieta - 10.06\Rakieta\Lib_MCU\Debug\libLib_MCU.a(lpc17xx_i2c.o)
 .text.I2C_Start
                0x000026bc       0x3a C:\Users\student\Desktop\Rakieta - 10.06\Rakieta\Lib_MCU\Debug\libLib_MCU.a(lpc17xx_i2c.o)
 .text.I2C_Stop
                0x000026f6       0x30 C:\Users\student\Desktop\Rakieta - 10.06\Rakieta\Lib_MCU\Debug\libLib_MCU.a(lpc17xx_i2c.o)
 .text.I2C_SendByte
                0x00002726       0x4a C:\Users\student\Desktop\Rakieta - 10.06\Rakieta\Lib_MCU\Debug\libLib_MCU.a(lpc17xx_i2c.o)
 .text.I2C_GetByte
                0x00002770       0x52 C:\Users\student\Desktop\Rakieta - 10.06\Rakieta\Lib_MCU\Debug\libLib_MCU.a(lpc17xx_i2c.o)
 *fill*         0x000027c2        0x2 ff
 .text.I2C_SetClock
                0x000027c4       0xa4 C:\Users\student\Desktop\Rakieta - 10.06\Rakieta\Lib_MCU\Debug\libLib_MCU.a(lpc17xx_i2c.o)
 .text.I2C_Init
                0x00002868       0xa4 C:\Users\student\Desktop\Rakieta - 10.06\Rakieta\Lib_MCU\Debug\libLib_MCU.a(lpc17xx_i2c.o)
                0x00002868                I2C_Init
 .text.I2C_Cmd  0x0000290c       0x70 C:\Users\student\Desktop\Rakieta - 10.06\Rakieta\Lib_MCU\Debug\libLib_MCU.a(lpc17xx_i2c.o)
                0x0000290c                I2C_Cmd
 .text.I2C_IntCmd
                0x0000297c       0x88 C:\Users\student\Desktop\Rakieta - 10.06\Rakieta\Lib_MCU\Debug\libLib_MCU.a(lpc17xx_i2c.o)
                0x0000297c                I2C_IntCmd
 .text.I2C_MasterTransferData
                0x00002a04      0x2cc C:\Users\student\Desktop\Rakieta - 10.06\Rakieta\Lib_MCU\Debug\libLib_MCU.a(lpc17xx_i2c.o)
                0x00002a04                I2C_MasterTransferData
 .text.set_PinFunc
                0x00002cd0       0x80 C:\Users\student\Desktop\Rakieta - 10.06\Rakieta\Lib_MCU\Debug\libLib_MCU.a(lpc17xx_pinsel.o)
 .text.set_ResistorMode
                0x00002d50       0x80 C:\Users\student\Desktop\Rakieta - 10.06\Rakieta\Lib_MCU\Debug\libLib_MCU.a(lpc17xx_pinsel.o)
 .text.set_OpenDrainMode
                0x00002dd0       0x68 C:\Users\student\Desktop\Rakieta - 10.06\Rakieta\Lib_MCU\Debug\libLib_MCU.a(lpc17xx_pinsel.o)
 .text.PINSEL_ConfigPin
                0x00002e38       0x46 C:\Users\student\Desktop\Rakieta - 10.06\Rakieta\Lib_MCU\Debug\libLib_MCU.a(lpc17xx_pinsel.o)
                0x00002e38                PINSEL_ConfigPin
 *fill*         0x00002e7e        0x2 ff
 .text.setSSPclock
                0x00002e80       0xc4 C:\Users\student\Desktop\Rakieta - 10.06\Rakieta\Lib_MCU\Debug\libLib_MCU.a(lpc17xx_ssp.o)
 .text.SSP_Init
                0x00002f44       0x9c C:\Users\student\Desktop\Rakieta - 10.06\Rakieta\Lib_MCU\Debug\libLib_MCU.a(lpc17xx_ssp.o)
                0x00002f44                SSP_Init
 .text.SSP_GetDataSize
                0x00002fe0       0x40 C:\Users\student\Desktop\Rakieta - 10.06\Rakieta\Lib_MCU\Debug\libLib_MCU.a(lpc17xx_ssp.o)
                0x00002fe0                SSP_GetDataSize
 .text.SSP_ConfigStructInit
                0x00003020       0x3c C:\Users\student\Desktop\Rakieta - 10.06\Rakieta\Lib_MCU\Debug\libLib_MCU.a(lpc17xx_ssp.o)
                0x00003020                SSP_ConfigStructInit
 .text.SSP_Cmd  0x0000305c       0x6c C:\Users\student\Desktop\Rakieta - 10.06\Rakieta\Lib_MCU\Debug\libLib_MCU.a(lpc17xx_ssp.o)
                0x0000305c                SSP_Cmd
 .text.SSP_SendData
                0x000030c8       0x40 C:\Users\student\Desktop\Rakieta - 10.06\Rakieta\Lib_MCU\Debug\libLib_MCU.a(lpc17xx_ssp.o)
                0x000030c8                SSP_SendData
 .text.SSP_ReceiveData
                0x00003108       0x3c C:\Users\student\Desktop\Rakieta - 10.06\Rakieta\Lib_MCU\Debug\libLib_MCU.a(lpc17xx_ssp.o)
                0x00003108                SSP_ReceiveData
 .text.SSP_ReadWrite
                0x00003144      0x34e C:\Users\student\Desktop\Rakieta - 10.06\Rakieta\Lib_MCU\Debug\libLib_MCU.a(lpc17xx_ssp.o)
                0x00003144                SSP_ReadWrite
 *fill*         0x00003492        0x2 ff
 .text.getPClock
                0x00003494       0x58 C:\Users\student\Desktop\Rakieta - 10.06\Rakieta\Lib_MCU\Debug\libLib_MCU.a(lpc17xx_timer.o)
 .text.converUSecToVal
                0x000034ec       0x5c C:\Users\student\Desktop\Rakieta - 10.06\Rakieta\Lib_MCU\Debug\libLib_MCU.a(lpc17xx_timer.o)
 .text.converPtrToTimeNum
                0x00003548       0x5c C:\Users\student\Desktop\Rakieta - 10.06\Rakieta\Lib_MCU\Debug\libLib_MCU.a(lpc17xx_timer.o)
 .text.TIM_GetIntStatus
                0x000035a4       0x98 C:\Users\student\Desktop\Rakieta - 10.06\Rakieta\Lib_MCU\Debug\libLib_MCU.a(lpc17xx_timer.o)
                0x000035a4                TIM_GetIntStatus
 .text.TIM_ClearIntPending
                0x0000363c       0x88 C:\Users\student\Desktop\Rakieta - 10.06\Rakieta\Lib_MCU\Debug\libLib_MCU.a(lpc17xx_timer.o)
                0x0000363c                TIM_ClearIntPending
 .text.TIM_Init
                0x000036c4      0x184 C:\Users\student\Desktop\Rakieta - 10.06\Rakieta\Lib_MCU\Debug\libLib_MCU.a(lpc17xx_timer.o)
                0x000036c4                TIM_Init
 .text.TIM_Cmd  0x00003848       0x70 C:\Users\student\Desktop\Rakieta - 10.06\Rakieta\Lib_MCU\Debug\libLib_MCU.a(lpc17xx_timer.o)
                0x00003848                TIM_Cmd
 .text.TIM_ConfigMatch
                0x000038b8      0x184 C:\Users\student\Desktop\Rakieta - 10.06\Rakieta\Lib_MCU\Debug\libLib_MCU.a(lpc17xx_timer.o)
                0x000038b8                TIM_ConfigMatch
 .text.Timer0_Wait
                0x00003a3c       0x76 C:\Users\student\Desktop\Rakieta - 10.06\Rakieta\Lib_MCU\Debug\libLib_MCU.a(lpc17xx_timer.o)
                0x00003a3c                Timer0_Wait
 *fill*         0x00003ab2        0x2 ff
 .text          0x00003ab4       0x30 c:/nxp/mcuxpressoide_11.3.1_5262/ide/plugins/com.nxp.mcuxpresso.tools.win32_11.3.0.202008311133/tools/bin/../lib/gcc/arm-none-eabi/9.3.1/thumb/v7-m/nofp\libgcc.a(_aeabi_uldivmod.o)
                0x00003ab4                __aeabi_uldivmod
 .text          0x00003ae4      0x2c4 c:/nxp/mcuxpressoide_11.3.1_5262/ide/plugins/com.nxp.mcuxpresso.tools.win32_11.3.0.202008311133/tools/bin/../lib/gcc/arm-none-eabi/9.3.1/thumb/v7-m/nofp\libgcc.a(_udivmoddi4.o)
                0x00003ae4                __udivmoddi4
 .text          0x00003da8        0x4 c:/nxp/mcuxpressoide_11.3.1_5262/ide/plugins/com.nxp.mcuxpresso.tools.win32_11.3.0.202008311133/tools/bin/../lib/gcc/arm-none-eabi/9.3.1/thumb/v7-m/nofp\libgcc.a(_dvmd_tls.o)
                0x00003da8                __aeabi_idiv0
                0x00003da8                __aeabi_ldiv0
 .text          0x00003dac       0xec c:/nxp/mcuxpressoide_11.3.1_5262/ide/plugins/com.nxp.mcuxpresso.tools.win32_11.3.0.202008311133/tools/bin/../lib/gcc/arm-none-eabi/9.3.1/../../../../arm-none-eabi/lib/thumb/v7-m/nofp\libc.a(lib_a-memcpy.o)
                0x00003dac                memcpy
 .text.memset   0x00003e98       0xa0 c:/nxp/mcuxpressoide_11.3.1_5262/ide/plugins/com.nxp.mcuxpresso.tools.win32_11.3.0.202008311133/tools/bin/../lib/gcc/arm-none-eabi/9.3.1/../../../../arm-none-eabi/lib/thumb/v7-m/nofp\libc.a(lib_a-memset.o)
                0x00003e98                memset
 .text.sprintf  0x00003f38       0x44 c:/nxp/mcuxpressoide_11.3.1_5262/ide/plugins/com.nxp.mcuxpresso.tools.win32_11.3.0.202008311133/tools/bin/../lib/gcc/arm-none-eabi/9.3.1/../../../../arm-none-eabi/lib/thumb/v7-m/nofp\libc.a(lib_a-sprintf.o)
                0x00003f38                sprintf
 .text._svfprintf_r
                0x00003f7c     0x1b50 c:/nxp/mcuxpressoide_11.3.1_5262/ide/plugins/com.nxp.mcuxpresso.tools.win32_11.3.0.202008311133/tools/bin/../lib/gcc/arm-none-eabi/9.3.1/../../../../arm-none-eabi/lib/thumb/v7-m/nofp\libc.a(lib_a-svfprintf.o)
                0x00003f7c                _svfprintf_r
 .text.quorem   0x00005acc      0x120 c:/nxp/mcuxpressoide_11.3.1_5262/ide/plugins/com.nxp.mcuxpresso.tools.win32_11.3.0.202008311133/tools/bin/../lib/gcc/arm-none-eabi/9.3.1/../../../../arm-none-eabi/lib/thumb/v7-m/nofp\libc.a(lib_a-dtoa.o)
 *fill*         0x00005bec        0x4 ff
 .text._dtoa_r  0x00005bf0      0xec8 c:/nxp/mcuxpressoide_11.3.1_5262/ide/plugins/com.nxp.mcuxpresso.tools.win32_11.3.0.202008311133/tools/bin/../lib/gcc/arm-none-eabi/9.3.1/../../../../arm-none-eabi/lib/thumb/v7-m/nofp\libc.a(lib_a-dtoa.o)
                0x00005bf0                _dtoa_r
 .text._malloc_trim_r
                0x00006ab8       0xa0 c:/nxp/mcuxpressoide_11.3.1_5262/ide/plugins/com.nxp.mcuxpresso.tools.win32_11.3.0.202008311133/tools/bin/../lib/gcc/arm-none-eabi/9.3.1/../../../../arm-none-eabi/lib/thumb/v7-m/nofp\libc.a(lib_a-freer.o)
                0x00006ab8                _malloc_trim_r
 .text._free_r  0x00006b58      0x20c c:/nxp/mcuxpressoide_11.3.1_5262/ide/plugins/com.nxp.mcuxpresso.tools.win32_11.3.0.202008311133/tools/bin/../lib/gcc/arm-none-eabi/9.3.1/../../../../arm-none-eabi/lib/thumb/v7-m/nofp\libc.a(lib_a-freer.o)
                0x00006b58                _free_r
 .text._localeconv_r
                0x00006d64        0x8 c:/nxp/mcuxpressoide_11.3.1_5262/ide/plugins/com.nxp.mcuxpresso.tools.win32_11.3.0.202008311133/tools/bin/../lib/gcc/arm-none-eabi/9.3.1/../../../../arm-none-eabi/lib/thumb/v7-m/nofp\libc.a(lib_a-localeconv.o)
                0x00006d64                _localeconv_r
 .text._malloc_r
                0x00006d6c      0x55c c:/nxp/mcuxpressoide_11.3.1_5262/ide/plugins/com.nxp.mcuxpresso.tools.win32_11.3.0.202008311133/tools/bin/../lib/gcc/arm-none-eabi/9.3.1/../../../../arm-none-eabi/lib/thumb/v7-m/nofp\libc.a(lib_a-mallocr.o)
                0x00006d6c                _malloc_r
 .text.memchr   0x000072c8       0x80 c:/nxp/mcuxpressoide_11.3.1_5262/ide/plugins/com.nxp.mcuxpresso.tools.win32_11.3.0.202008311133/tools/bin/../lib/gcc/arm-none-eabi/9.3.1/../../../../arm-none-eabi/lib/thumb/v7-m/nofp\libc.a(lib_a-memchr-stub.o)
                0x000072c8                memchr
 .text.__malloc_lock
                0x00007348        0xc c:/nxp/mcuxpressoide_11.3.1_5262/ide/plugins/com.nxp.mcuxpresso.tools.win32_11.3.0.202008311133/tools/bin/../lib/gcc/arm-none-eabi/9.3.1/../../../../arm-none-eabi/lib/thumb/v7-m/nofp\libc.a(lib_a-mlock.o)
                0x00007348                __malloc_lock
 .text.__malloc_unlock
                0x00007354        0xc c:/nxp/mcuxpressoide_11.3.1_5262/ide/plugins/com.nxp.mcuxpresso.tools.win32_11.3.0.202008311133/tools/bin/../lib/gcc/arm-none-eabi/9.3.1/../../../../arm-none-eabi/lib/thumb/v7-m/nofp\libc.a(lib_a-mlock.o)
                0x00007354                __malloc_unlock
 .text._Balloc  0x00007360       0x4c c:/nxp/mcuxpressoide_11.3.1_5262/ide/plugins/com.nxp.mcuxpresso.tools.win32_11.3.0.202008311133/tools/bin/../lib/gcc/arm-none-eabi/9.3.1/../../../../arm-none-eabi/lib/thumb/v7-m/nofp\libc.a(lib_a-mprec.o)
                0x00007360                _Balloc
 .text._Bfree   0x000073ac       0x14 c:/nxp/mcuxpressoide_11.3.1_5262/ide/plugins/com.nxp.mcuxpresso.tools.win32_11.3.0.202008311133/tools/bin/../lib/gcc/arm-none-eabi/9.3.1/../../../../arm-none-eabi/lib/thumb/v7-m/nofp\libc.a(lib_a-mprec.o)
                0x000073ac                _Bfree
 .text.__multadd
                0x000073c0       0x9c c:/nxp/mcuxpressoide_11.3.1_5262/ide/plugins/com.nxp.mcuxpresso.tools.win32_11.3.0.202008311133/tools/bin/../lib/gcc/arm-none-eabi/9.3.1/../../../../arm-none-eabi/lib/thumb/v7-m/nofp\libc.a(lib_a-mprec.o)
                0x000073c0                __multadd
 .text.__hi0bits
                0x0000745c       0x40 c:/nxp/mcuxpressoide_11.3.1_5262/ide/plugins/com.nxp.mcuxpresso.tools.win32_11.3.0.202008311133/tools/bin/../lib/gcc/arm-none-eabi/9.3.1/../../../../arm-none-eabi/lib/thumb/v7-m/nofp\libc.a(lib_a-mprec.o)
                0x0000745c                __hi0bits
 .text.__lo0bits
                0x0000749c       0x60 c:/nxp/mcuxpressoide_11.3.1_5262/ide/plugins/com.nxp.mcuxpresso.tools.win32_11.3.0.202008311133/tools/bin/../lib/gcc/arm-none-eabi/9.3.1/../../../../arm-none-eabi/lib/thumb/v7-m/nofp\libc.a(lib_a-mprec.o)
                0x0000749c                __lo0bits
 .text.__i2b    0x000074fc       0x2c c:/nxp/mcuxpressoide_11.3.1_5262/ide/plugins/com.nxp.mcuxpresso.tools.win32_11.3.0.202008311133/tools/bin/../lib/gcc/arm-none-eabi/9.3.1/../../../../arm-none-eabi/lib/thumb/v7-m/nofp\libc.a(lib_a-mprec.o)
                0x000074fc                __i2b
 .text.__multiply
                0x00007528      0x160 c:/nxp/mcuxpressoide_11.3.1_5262/ide/plugins/com.nxp.mcuxpresso.tools.win32_11.3.0.202008311133/tools/bin/../lib/gcc/arm-none-eabi/9.3.1/../../../../arm-none-eabi/lib/thumb/v7-m/nofp\libc.a(lib_a-mprec.o)
                0x00007528                __multiply
 .text.__pow5mult
                0x00007688       0x98 c:/nxp/mcuxpressoide_11.3.1_5262/ide/plugins/com.nxp.mcuxpresso.tools.win32_11.3.0.202008311133/tools/bin/../lib/gcc/arm-none-eabi/9.3.1/../../../../arm-none-eabi/lib/thumb/v7-m/nofp\libc.a(lib_a-mprec.o)
                0x00007688                __pow5mult
 .text.__lshift
                0x00007720       0xe8 c:/nxp/mcuxpressoide_11.3.1_5262/ide/plugins/com.nxp.mcuxpresso.tools.win32_11.3.0.202008311133/tools/bin/../lib/gcc/arm-none-eabi/9.3.1/../../../../arm-none-eabi/lib/thumb/v7-m/nofp\libc.a(lib_a-mprec.o)
                0x00007720                __lshift
 .text.__mcmp   0x00007808       0x3c c:/nxp/mcuxpressoide_11.3.1_5262/ide/plugins/com.nxp.mcuxpresso.tools.win32_11.3.0.202008311133/tools/bin/../lib/gcc/arm-none-eabi/9.3.1/../../../../arm-none-eabi/lib/thumb/v7-m/nofp\libc.a(lib_a-mprec.o)
                0x00007808                __mcmp
 .text.__mdiff  0x00007844      0x150 c:/nxp/mcuxpressoide_11.3.1_5262/ide/plugins/com.nxp.mcuxpresso.tools.win32_11.3.0.202008311133/tools/bin/../lib/gcc/arm-none-eabi/9.3.1/../../../../arm-none-eabi/lib/thumb/v7-m/nofp\libc.a(lib_a-mprec.o)
                0x00007844                __mdiff
 .text.__d2b    0x00007994       0xc4 c:/nxp/mcuxpressoide_11.3.1_5262/ide/plugins/com.nxp.mcuxpresso.tools.win32_11.3.0.202008311133/tools/bin/../lib/gcc/arm-none-eabi/9.3.1/../../../../arm-none-eabi/lib/thumb/v7-m/nofp\libc.a(lib_a-mprec.o)
                0x00007994                __d2b
 .text.frexp    0x00007a58       0x70 c:/nxp/mcuxpressoide_11.3.1_5262/ide/plugins/com.nxp.mcuxpresso.tools.win32_11.3.0.202008311133/tools/bin/../lib/gcc/arm-none-eabi/9.3.1/../../../../arm-none-eabi/lib/thumb/v7-m/nofp\libc.a(lib_a-s_frexp.o)
                0x00007a58                frexp
 .text._sbrk_r  0x00007ac8       0x24 c:/nxp/mcuxpressoide_11.3.1_5262/ide/plugins/com.nxp.mcuxpresso.tools.win32_11.3.0.202008311133/tools/bin/../lib/gcc/arm-none-eabi/9.3.1/../../../../arm-none-eabi/lib/thumb/v7-m/nofp\libc.a(lib_a-sbrkr.o)
                0x00007ac8                _sbrk_r
 .text.strlen   0x00007aec       0x5c c:/nxp/mcuxpressoide_11.3.1_5262/ide/plugins/com.nxp.mcuxpresso.tools.win32_11.3.0.202008311133/tools/bin/../lib/gcc/arm-none-eabi/9.3.1/../../../../arm-none-eabi/lib/thumb/v7-m/nofp\libc.a(lib_a-strlen-stub.o)
                0x00007aec                strlen
 .text.strncpy  0x00007b48       0x68 c:/nxp/mcuxpressoide_11.3.1_5262/ide/plugins/com.nxp.mcuxpresso.tools.win32_11.3.0.202008311133/tools/bin/../lib/gcc/arm-none-eabi/9.3.1/../../../../arm-none-eabi/lib/thumb/v7-m/nofp\libc.a(lib_a-strncpy.o)
                0x00007b48                strncpy
 .text.__ssprint_r
                0x00007bb0       0xf8 c:/nxp/mcuxpressoide_11.3.1_5262/ide/plugins/com.nxp.mcuxpresso.tools.win32_11.3.0.202008311133/tools/bin/../lib/gcc/arm-none-eabi/9.3.1/../../../../arm-none-eabi/lib/thumb/v7-m/nofp\libc.a(lib_a-svfiprintf.o)
                0x00007bb0                __ssprint_r
 .text.__assert_func
                0x00007ca8       0x3c c:/nxp/mcuxpressoide_11.3.1_5262/ide/plugins/com.nxp.mcuxpresso.tools.win32_11.3.0.202008311133/tools/bin/../lib/gcc/arm-none-eabi/9.3.1/../../../../arm-none-eabi/lib/thumb/v7-m/nofp\libc.a(lib_a-assert.o)
                0x00007ca8                __assert_func
 .text._calloc_r
                0x00007ce4       0x60 c:/nxp/mcuxpressoide_11.3.1_5262/ide/plugins/com.nxp.mcuxpresso.tools.win32_11.3.0.202008311133/tools/bin/../lib/gcc/arm-none-eabi/9.3.1/../../../../arm-none-eabi/lib/thumb/v7-m/nofp\libc.a(lib_a-callocr.o)
                0x00007ce4                _calloc_r
 .text.fiprintf
                0x00007d44       0x28 c:/nxp/mcuxpressoide_11.3.1_5262/ide/plugins/com.nxp.mcuxpresso.tools.win32_11.3.0.202008311133/tools/bin/../lib/gcc/arm-none-eabi/9.3.1/../../../../arm-none-eabi/lib/thumb/v7-m/nofp\libc.a(lib_a-fiprintf.o)
                0x00007d44                fiprintf
 .text.__locale_mb_cur_max
                0x00007d6c        0xc c:/nxp/mcuxpressoide_11.3.1_5262/ide/plugins/com.nxp.mcuxpresso.tools.win32_11.3.0.202008311133/tools/bin/../lib/gcc/arm-none-eabi/9.3.1/../../../../arm-none-eabi/lib/thumb/v7-m/nofp\libc.a(lib_a-locale.o)
                0x00007d6c                __locale_mb_cur_max
 .text.__retarget_lock_init_recursive
                0x00007d78        0x4 c:/nxp/mcuxpressoide_11.3.1_5262/ide/plugins/com.nxp.mcuxpresso.tools.win32_11.3.0.202008311133/tools/bin/../lib/gcc/arm-none-eabi/9.3.1/../../../../arm-none-eabi/lib/thumb/v7-m/nofp\libc.a(lib_a-lock.o)
                0x00007d78                __retarget_lock_init_recursive
 .text.__retarget_lock_close_recursive
                0x00007d7c        0x4 c:/nxp/mcuxpressoide_11.3.1_5262/ide/plugins/com.nxp.mcuxpresso.tools.win32_11.3.0.202008311133/tools/bin/../lib/gcc/arm-none-eabi/9.3.1/../../../../arm-none-eabi/lib/thumb/v7-m/nofp\libc.a(lib_a-lock.o)
                0x00007d7c                __retarget_lock_close_recursive
 .text.__retarget_lock_acquire_recursive
                0x00007d80        0x4 c:/nxp/mcuxpressoide_11.3.1_5262/ide/plugins/com.nxp.mcuxpresso.tools.win32_11.3.0.202008311133/tools/bin/../lib/gcc/arm-none-eabi/9.3.1/../../../../arm-none-eabi/lib/thumb/v7-m/nofp\libc.a(lib_a-lock.o)
                0x00007d80                __retarget_lock_acquire_recursive
 .text.__retarget_lock_release_recursive
                0x00007d84        0x4 c:/nxp/mcuxpressoide_11.3.1_5262/ide/plugins/com.nxp.mcuxpresso.tools.win32_11.3.0.202008311133/tools/bin/../lib/gcc/arm-none-eabi/9.3.1/../../../../arm-none-eabi/lib/thumb/v7-m/nofp\libc.a(lib_a-lock.o)
                0x00007d84                __retarget_lock_release_recursive
 .text.__ascii_mbtowc
                0x00007d88       0x2c c:/nxp/mcuxpressoide_11.3.1_5262/ide/plugins/com.nxp.mcuxpresso.tools.win32_11.3.0.202008311133/tools/bin/../lib/gcc/arm-none-eabi/9.3.1/../../../../arm-none-eabi/lib/thumb/v7-m/nofp\libc.a(lib_a-mbtowc_r.o)
                0x00007d88                __ascii_mbtowc
 .text.memmove  0x00007db4       0xd4 c:/nxp/mcuxpressoide_11.3.1_5262/ide/plugins/com.nxp.mcuxpresso.tools.win32_11.3.0.202008311133/tools/bin/../lib/gcc/arm-none-eabi/9.3.1/../../../../arm-none-eabi/lib/thumb/v7-m/nofp\libc.a(lib_a-memmove.o)
                0x00007db4                memmove
 .text._realloc_r
                0x00007e88      0x3e0 c:/nxp/mcuxpressoide_11.3.1_5262/ide/plugins/com.nxp.mcuxpresso.tools.win32_11.3.0.202008311133/tools/bin/../lib/gcc/arm-none-eabi/9.3.1/../../../../arm-none-eabi/lib/thumb/v7-m/nofp\libc.a(lib_a-reallocr.o)
                0x00007e88                _realloc_r
 .text.__sprint_r.part.0
                0x00008268       0x78 c:/nxp/mcuxpressoide_11.3.1_5262/ide/plugins/com.nxp.mcuxpresso.tools.win32_11.3.0.202008311133/tools/bin/../lib/gcc/arm-none-eabi/9.3.1/../../../../arm-none-eabi/lib/thumb/v7-m/nofp\libc.a(lib_a-vfiprintf.o)
 .text._vfiprintf_r
                0x000082e0      0xd2c c:/nxp/mcuxpressoide_11.3.1_5262/ide/plugins/com.nxp.mcuxpresso.tools.win32_11.3.0.202008311133/tools/bin/../lib/gcc/arm-none-eabi/9.3.1/../../../../arm-none-eabi/lib/thumb/v7-m/nofp\libc.a(lib_a-vfiprintf.o)
                0x000082e0                _vfiprintf_r
 .text.__sbprintf
                0x0000900c       0x88 c:/nxp/mcuxpressoide_11.3.1_5262/ide/plugins/com.nxp.mcuxpresso.tools.win32_11.3.0.202008311133/tools/bin/../lib/gcc/arm-none-eabi/9.3.1/../../../../arm-none-eabi/lib/thumb/v7-m/nofp\libc.a(lib_a-vfiprintf.o)
 .text.__ascii_wctomb
                0x00009094       0x1c c:/nxp/mcuxpressoide_11.3.1_5262/ide/plugins/com.nxp.mcuxpresso.tools.win32_11.3.0.202008311133/tools/bin/../lib/gcc/arm-none-eabi/9.3.1/../../../../arm-none-eabi/lib/thumb/v7-m/nofp\libc.a(lib_a-wctomb_r.o)
                0x00009094                __ascii_wctomb
 .text.__swsetup_r
                0x000090b0       0xd0 c:/nxp/mcuxpressoide_11.3.1_5262/ide/plugins/com.nxp.mcuxpresso.tools.win32_11.3.0.202008311133/tools/bin/../lib/gcc/arm-none-eabi/9.3.1/../../../../arm-none-eabi/lib/thumb/v7-m/nofp\libc.a(lib_a-wsetup.o)
                0x000090b0                __swsetup_r
 .text.abort    0x00009180       0x10 c:/nxp/mcuxpressoide_11.3.1_5262/ide/plugins/com.nxp.mcuxpresso.tools.win32_11.3.0.202008311133/tools/bin/../lib/gcc/arm-none-eabi/9.3.1/../../../../arm-none-eabi/lib/thumb/v7-m/nofp\libc.a(lib_a-abort.o)
                0x00009180                abort
 .text.__sflush_r
                0x00009190      0x130 c:/nxp/mcuxpressoide_11.3.1_5262/ide/plugins/com.nxp.mcuxpresso.tools.win32_11.3.0.202008311133/tools/bin/../lib/gcc/arm-none-eabi/9.3.1/../../../../arm-none-eabi/lib/thumb/v7-m/nofp\libc.a(lib_a-fflush.o)
                0x00009190                __sflush_r
 .text._fflush_r
                0x000092c0       0x5c c:/nxp/mcuxpressoide_11.3.1_5262/ide/plugins/com.nxp.mcuxpresso.tools.win32_11.3.0.202008311133/tools/bin/../lib/gcc/arm-none-eabi/9.3.1/../../../../arm-none-eabi/lib/thumb/v7-m/nofp\libc.a(lib_a-fflush.o)
                0x000092c0                _fflush_r
 .text.std      0x0000931c       0x50 c:/nxp/mcuxpressoide_11.3.1_5262/ide/plugins/com.nxp.mcuxpresso.tools.win32_11.3.0.202008311133/tools/bin/../lib/gcc/arm-none-eabi/9.3.1/../../../../arm-none-eabi/lib/thumb/v7-m/nofp\libc.a(lib_a-findfp.o)
 .text._cleanup_r
                0x0000936c        0xc c:/nxp/mcuxpressoide_11.3.1_5262/ide/plugins/com.nxp.mcuxpresso.tools.win32_11.3.0.202008311133/tools/bin/../lib/gcc/arm-none-eabi/9.3.1/../../../../arm-none-eabi/lib/thumb/v7-m/nofp\libc.a(lib_a-findfp.o)
                0x0000936c                _cleanup_r
 .text.__sinit  0x00009378       0x5c c:/nxp/mcuxpressoide_11.3.1_5262/ide/plugins/com.nxp.mcuxpresso.tools.win32_11.3.0.202008311133/tools/bin/../lib/gcc/arm-none-eabi/9.3.1/../../../../arm-none-eabi/lib/thumb/v7-m/nofp\libc.a(lib_a-findfp.o)
                0x00009378                __sinit
 .text.__sfp_lock_acquire
                0x000093d4        0xc c:/nxp/mcuxpressoide_11.3.1_5262/ide/plugins/com.nxp.mcuxpresso.tools.win32_11.3.0.202008311133/tools/bin/../lib/gcc/arm-none-eabi/9.3.1/../../../../arm-none-eabi/lib/thumb/v7-m/nofp\libc.a(lib_a-findfp.o)
                0x000093d4                __sfp_lock_acquire
 .text.__sfp_lock_release
                0x000093e0        0xc c:/nxp/mcuxpressoide_11.3.1_5262/ide/plugins/com.nxp.mcuxpresso.tools.win32_11.3.0.202008311133/tools/bin/../lib/gcc/arm-none-eabi/9.3.1/../../../../arm-none-eabi/lib/thumb/v7-m/nofp\libc.a(lib_a-findfp.o)
                0x000093e0                __sfp_lock_release
 .text.__fputwc
                0x000093ec       0xa0 c:/nxp/mcuxpressoide_11.3.1_5262/ide/plugins/com.nxp.mcuxpresso.tools.win32_11.3.0.202008311133/tools/bin/../lib/gcc/arm-none-eabi/9.3.1/../../../../arm-none-eabi/lib/thumb/v7-m/nofp\libc.a(lib_a-fputwc.o)
                0x000093ec                __fputwc
 .text._fputwc_r
                0x0000948c       0x68 c:/nxp/mcuxpressoide_11.3.1_5262/ide/plugins/com.nxp.mcuxpresso.tools.win32_11.3.0.202008311133/tools/bin/../lib/gcc/arm-none-eabi/9.3.1/../../../../arm-none-eabi/lib/thumb/v7-m/nofp\libc.a(lib_a-fputwc.o)
                0x0000948c                _fputwc_r
 .text.__sfvwrite_r
                0x000094f4      0x2ec c:/nxp/mcuxpressoide_11.3.1_5262/ide/plugins/com.nxp.mcuxpresso.tools.win32_11.3.0.202008311133/tools/bin/../lib/gcc/arm-none-eabi/9.3.1/../../../../arm-none-eabi/lib/thumb/v7-m/nofp\libc.a(lib_a-fvwrite.o)
                0x000094f4                __sfvwrite_r
 .text._fwalk_reent
                0x000097e0       0x48 c:/nxp/mcuxpressoide_11.3.1_5262/ide/plugins/com.nxp.mcuxpresso.tools.win32_11.3.0.202008311133/tools/bin/../lib/gcc/arm-none-eabi/9.3.1/../../../../arm-none-eabi/lib/thumb/v7-m/nofp\libc.a(lib_a-fwalk.o)
                0x000097e0                _fwalk_reent
 .text.__swhatbuf_r
                0x00009828       0x5c c:/nxp/mcuxpressoide_11.3.1_5262/ide/plugins/com.nxp.mcuxpresso.tools.win32_11.3.0.202008311133/tools/bin/../lib/gcc/arm-none-eabi/9.3.1/../../../../arm-none-eabi/lib/thumb/v7-m/nofp\libc.a(lib_a-makebuf.o)
                0x00009828                __swhatbuf_r
 .text.__smakebuf_r
                0x00009884       0x94 c:/nxp/mcuxpressoide_11.3.1_5262/ide/plugins/com.nxp.mcuxpresso.tools.win32_11.3.0.202008311133/tools/bin/../lib/gcc/arm-none-eabi/9.3.1/../../../../arm-none-eabi/lib/thumb/v7-m/nofp\libc.a(lib_a-makebuf.o)
                0x00009884                __smakebuf_r
 .text._raise_r
                0x00009918       0x58 c:/nxp/mcuxpressoide_11.3.1_5262/ide/plugins/com.nxp.mcuxpresso.tools.win32_11.3.0.202008311133/tools/bin/../lib/gcc/arm-none-eabi/9.3.1/../../../../arm-none-eabi/lib/thumb/v7-m/nofp\libc.a(lib_a-signal.o)
                0x00009918                _raise_r
 .text.raise    0x00009970       0x10 c:/nxp/mcuxpressoide_11.3.1_5262/ide/plugins/com.nxp.mcuxpresso.tools.win32_11.3.0.202008311133/tools/bin/../lib/gcc/arm-none-eabi/9.3.1/../../../../arm-none-eabi/lib/thumb/v7-m/nofp\libc.a(lib_a-signal.o)
                0x00009970                raise
 .text._kill_r  0x00009980       0x2c c:/nxp/mcuxpressoide_11.3.1_5262/ide/plugins/com.nxp.mcuxpresso.tools.win32_11.3.0.202008311133/tools/bin/../lib/gcc/arm-none-eabi/9.3.1/../../../../arm-none-eabi/lib/thumb/v7-m/nofp\libc.a(lib_a-signalr.o)
                0x00009980                _kill_r
 .text._getpid_r
                0x000099ac        0x4 c:/nxp/mcuxpressoide_11.3.1_5262/ide/plugins/com.nxp.mcuxpresso.tools.win32_11.3.0.202008311133/tools/bin/../lib/gcc/arm-none-eabi/9.3.1/../../../../arm-none-eabi/lib/thumb/v7-m/nofp\libc.a(lib_a-signalr.o)
                0x000099ac                _getpid_r
 .text.__sread  0x000099b0       0x24 c:/nxp/mcuxpressoide_11.3.1_5262/ide/plugins/com.nxp.mcuxpresso.tools.win32_11.3.0.202008311133/tools/bin/../lib/gcc/arm-none-eabi/9.3.1/../../../../arm-none-eabi/lib/thumb/v7-m/nofp\libc.a(lib_a-stdio.o)
                0x000099b0                __sread
 .text.__swrite
                0x000099d4       0x40 c:/nxp/mcuxpressoide_11.3.1_5262/ide/plugins/com.nxp.mcuxpresso.tools.win32_11.3.0.202008311133/tools/bin/../lib/gcc/arm-none-eabi/9.3.1/../../../../arm-none-eabi/lib/thumb/v7-m/nofp\libc.a(lib_a-stdio.o)
                0x000099d4                __swrite
 .text.__sseek  0x00009a14       0x20 c:/nxp/mcuxpressoide_11.3.1_5262/ide/plugins/com.nxp.mcuxpresso.tools.win32_11.3.0.202008311133/tools/bin/../lib/gcc/arm-none-eabi/9.3.1/../../../../arm-none-eabi/lib/thumb/v7-m/nofp\libc.a(lib_a-stdio.o)
                0x00009a14                __sseek
 .text.__sclose
                0x00009a34        0x8 c:/nxp/mcuxpressoide_11.3.1_5262/ide/plugins/com.nxp.mcuxpresso.tools.win32_11.3.0.202008311133/tools/bin/../lib/gcc/arm-none-eabi/9.3.1/../../../../arm-none-eabi/lib/thumb/v7-m/nofp\libc.a(lib_a-stdio.o)
                0x00009a34                __sclose
 .text.__swbuf_r
                0x00009a3c       0xb0 c:/nxp/mcuxpressoide_11.3.1_5262/ide/plugins/com.nxp.mcuxpresso.tools.win32_11.3.0.202008311133/tools/bin/../lib/gcc/arm-none-eabi/9.3.1/../../../../arm-none-eabi/lib/thumb/v7-m/nofp\libc.a(lib_a-wbuf.o)
                0x00009a3c                __swbuf_r
 .text._wcrtomb_r
                0x00009aec       0x3c c:/nxp/mcuxpressoide_11.3.1_5262/ide/plugins/com.nxp.mcuxpresso.tools.win32_11.3.0.202008311133/tools/bin/../lib/gcc/arm-none-eabi/9.3.1/../../../../arm-none-eabi/lib/thumb/v7-m/nofp\libc.a(lib_a-wcrtomb.o)
                0x00009aec                _wcrtomb_r
 .text._write_r
                0x00009b28       0x2c c:/nxp/mcuxpressoide_11.3.1_5262/ide/plugins/com.nxp.mcuxpresso.tools.win32_11.3.0.202008311133/tools/bin/../lib/gcc/arm-none-eabi/9.3.1/../../../../arm-none-eabi/lib/thumb/v7-m/nofp\libc.a(lib_a-writer.o)
                0x00009b28                _write_r
 .text._close_r
                0x00009b54       0x24 c:/nxp/mcuxpressoide_11.3.1_5262/ide/plugins/com.nxp.mcuxpresso.tools.win32_11.3.0.202008311133/tools/bin/../lib/gcc/arm-none-eabi/9.3.1/../../../../arm-none-eabi/lib/thumb/v7-m/nofp\libc.a(lib_a-closer.o)
                0x00009b54                _close_r
 .text._fclose_r
                0x00009b78       0xcc c:/nxp/mcuxpressoide_11.3.1_5262/ide/plugins/com.nxp.mcuxpresso.tools.win32_11.3.0.202008311133/tools/bin/../lib/gcc/arm-none-eabi/9.3.1/../../../../arm-none-eabi/lib/thumb/v7-m/nofp\libc.a(lib_a-fclose.o)
                0x00009b78                _fclose_r
 .text._fstat_r
                0x00009c44       0x2c c:/nxp/mcuxpressoide_11.3.1_5262/ide/plugins/com.nxp.mcuxpresso.tools.win32_11.3.0.202008311133/tools/bin/../lib/gcc/arm-none-eabi/9.3.1/../../../../arm-none-eabi/lib/thumb/v7-m/nofp\libc.a(lib_a-fstatr.o)
                0x00009c44                _fstat_r
 .text._isatty_r
                0x00009c70       0x24 c:/nxp/mcuxpressoide_11.3.1_5262/ide/plugins/com.nxp.mcuxpresso.tools.win32_11.3.0.202008311133/tools/bin/../lib/gcc/arm-none-eabi/9.3.1/../../../../arm-none-eabi/lib/thumb/v7-m/nofp\libc.a(lib_a-isattyr.o)
                0x00009c70                _isatty_r
 .text._lseek_r
                0x00009c94       0x2c c:/nxp/mcuxpressoide_11.3.1_5262/ide/plugins/com.nxp.mcuxpresso.tools.win32_11.3.0.202008311133/tools/bin/../lib/gcc/arm-none-eabi/9.3.1/../../../../arm-none-eabi/lib/thumb/v7-m/nofp\libc.a(lib_a-lseekr.o)
                0x00009c94                _lseek_r
 .text._read_r  0x00009cc0       0x2c c:/nxp/mcuxpressoide_11.3.1_5262/ide/plugins/com.nxp.mcuxpresso.tools.win32_11.3.0.202008311133/tools/bin/../lib/gcc/arm-none-eabi/9.3.1/../../../../arm-none-eabi/lib/thumb/v7-m/nofp\libc.a(lib_a-readr.o)
                0x00009cc0                _read_r
 .text._sbrk    0x00009cec       0x3c c:/nxp/mcuxpressoide_11.3.1_5262/ide/plugins/com.nxp.mcuxpresso.tools.win32_11.3.0.202008311133/tools/bin/../lib/gcc/arm-none-eabi/9.3.1/../../../../arm-none-eabi/lib/thumb/v7-m/nofp\libcr_newlib_semihost.a(_cr_sbrk.o)
                0x00009cec                _sbrk
 .text._exit    0x00009d28        0x8 c:/nxp/mcuxpressoide_11.3.1_5262/ide/plugins/com.nxp.mcuxpresso.tools.win32_11.3.0.202008311133/tools/bin/../lib/gcc/arm-none-eabi/9.3.1/../../../../arm-none-eabi/lib/thumb/v7-m/nofp\libcr_newlib_semihost.a(_exit.o)
                0x00009d28                _exit
 .text._kill    0x00009d30       0x20 c:/nxp/mcuxpressoide_11.3.1_5262/ide/plugins/com.nxp.mcuxpresso.tools.win32_11.3.0.202008311133/tools/bin/../lib/gcc/arm-none-eabi/9.3.1/../../../../arm-none-eabi/lib/thumb/v7-m/nofp\libcr_newlib_semihost.a(_kill.o)
                0x00009d30                _kill
 .text.error    0x00009d50       0x1c c:/nxp/mcuxpressoide_11.3.1_5262/ide/plugins/com.nxp.mcuxpresso.tools.win32_11.3.0.202008311133/tools/bin/../lib/gcc/arm-none-eabi/9.3.1/../../../../arm-none-eabi/lib/thumb/v7-m/nofp\libcr_newlib_semihost.a(syscalls.o)
 .text.initialise_monitor_handles
                0x00009d6c       0xac c:/nxp/mcuxpressoide_11.3.1_5262/ide/plugins/com.nxp.mcuxpresso.tools.win32_11.3.0.202008311133/tools/bin/../lib/gcc/arm-none-eabi/9.3.1/../../../../arm-none-eabi/lib/thumb/v7-m/nofp\libcr_newlib_semihost.a(syscalls.o)
 .text.findslot
                0x00009e18       0x24 c:/nxp/mcuxpressoide_11.3.1_5262/ide/plugins/com.nxp.mcuxpresso.tools.win32_11.3.0.202008311133/tools/bin/../lib/gcc/arm-none-eabi/9.3.1/../../../../arm-none-eabi/lib/thumb/v7-m/nofp\libcr_newlib_semihost.a(syscalls.o)
 .text.checkerror
                0x00009e3c       0x20 c:/nxp/mcuxpressoide_11.3.1_5262/ide/plugins/com.nxp.mcuxpresso.tools.win32_11.3.0.202008311133/tools/bin/../lib/gcc/arm-none-eabi/9.3.1/../../../../arm-none-eabi/lib/thumb/v7-m/nofp\libcr_newlib_semihost.a(syscalls.o)
 .text._swiread
                0x00009e5c       0x20 c:/nxp/mcuxpressoide_11.3.1_5262/ide/plugins/com.nxp.mcuxpresso.tools.win32_11.3.0.202008311133/tools/bin/../lib/gcc/arm-none-eabi/9.3.1/../../../../arm-none-eabi/lib/thumb/v7-m/nofp\libcr_newlib_semihost.a(syscalls.o)
                0x00009e5c                _swiread
 .text._read    0x00009e7c       0x34 c:/nxp/mcuxpressoide_11.3.1_5262/ide/plugins/com.nxp.mcuxpresso.tools.win32_11.3.0.202008311133/tools/bin/../lib/gcc/arm-none-eabi/9.3.1/../../../../arm-none-eabi/lib/thumb/v7-m/nofp\libcr_newlib_semihost.a(syscalls.o)
                0x00009e7c                _read
 .text._swilseek
                0x00009eb0       0x78 c:/nxp/mcuxpressoide_11.3.1_5262/ide/plugins/com.nxp.mcuxpresso.tools.win32_11.3.0.202008311133/tools/bin/../lib/gcc/arm-none-eabi/9.3.1/../../../../arm-none-eabi/lib/thumb/v7-m/nofp\libcr_newlib_semihost.a(syscalls.o)
                0x00009eb0                _swilseek
 .text._lseek   0x00009f28        0x4 c:/nxp/mcuxpressoide_11.3.1_5262/ide/plugins/com.nxp.mcuxpresso.tools.win32_11.3.0.202008311133/tools/bin/../lib/gcc/arm-none-eabi/9.3.1/../../../../arm-none-eabi/lib/thumb/v7-m/nofp\libcr_newlib_semihost.a(syscalls.o)
                0x00009f28                _lseek
 .text._swiwrite
                0x00009f2c       0x20 c:/nxp/mcuxpressoide_11.3.1_5262/ide/plugins/com.nxp.mcuxpresso.tools.win32_11.3.0.202008311133/tools/bin/../lib/gcc/arm-none-eabi/9.3.1/../../../../arm-none-eabi/lib/thumb/v7-m/nofp\libcr_newlib_semihost.a(syscalls.o)
                0x00009f2c                _swiwrite
 .text._write   0x00009f4c       0x40 c:/nxp/mcuxpressoide_11.3.1_5262/ide/plugins/com.nxp.mcuxpresso.tools.win32_11.3.0.202008311133/tools/bin/../lib/gcc/arm-none-eabi/9.3.1/../../../../arm-none-eabi/lib/thumb/v7-m/nofp\libcr_newlib_semihost.a(syscalls.o)
                0x00009f4c                _write
 .text._swiclose
                0x00009f8c       0x1a c:/nxp/mcuxpressoide_11.3.1_5262/ide/plugins/com.nxp.mcuxpresso.tools.win32_11.3.0.202008311133/tools/bin/../lib/gcc/arm-none-eabi/9.3.1/../../../../arm-none-eabi/lib/thumb/v7-m/nofp\libcr_newlib_semihost.a(syscalls.o)
                0x00009f8c                _swiclose
 *fill*         0x00009fa6        0x2 ff
 .text._close   0x00009fa8       0x4c c:/nxp/mcuxpressoide_11.3.1_5262/ide/plugins/com.nxp.mcuxpresso.tools.win32_11.3.0.202008311133/tools/bin/../lib/gcc/arm-none-eabi/9.3.1/../../../../arm-none-eabi/lib/thumb/v7-m/nofp\libcr_newlib_semihost.a(syscalls.o)
                0x00009fa8                _close
 .text._getpid  0x00009ff4        0x4 c:/nxp/mcuxpressoide_11.3.1_5262/ide/plugins/com.nxp.mcuxpresso.tools.win32_11.3.0.202008311133/tools/bin/../lib/gcc/arm-none-eabi/9.3.1/../../../../arm-none-eabi/lib/thumb/v7-m/nofp\libcr_newlib_semihost.a(syscalls.o)
                0x00009ff4                _getpid
 .text._swistat
                0x00009ff8       0x42 c:/nxp/mcuxpressoide_11.3.1_5262/ide/plugins/com.nxp.mcuxpresso.tools.win32_11.3.0.202008311133/tools/bin/../lib/gcc/arm-none-eabi/9.3.1/../../../../arm-none-eabi/lib/thumb/v7-m/nofp\libcr_newlib_semihost.a(syscalls.o)
                0x00009ff8                _swistat
 .text._fstat   0x0000a03a       0x1c c:/nxp/mcuxpressoide_11.3.1_5262/ide/plugins/com.nxp.mcuxpresso.tools.win32_11.3.0.202008311133/tools/bin/../lib/gcc/arm-none-eabi/9.3.1/../../../../arm-none-eabi/lib/thumb/v7-m/nofp\libcr_newlib_semihost.a(syscalls.o)
                0x0000a03a                _fstat
 .text._isatty  0x0000a056       0x2a c:/nxp/mcuxpressoide_11.3.1_5262/ide/plugins/com.nxp.mcuxpresso.tools.win32_11.3.0.202008311133/tools/bin/../lib/gcc/arm-none-eabi/9.3.1/../../../../arm-none-eabi/lib/thumb/v7-m/nofp\libcr_newlib_semihost.a(syscalls.o)
                0x0000a056                _isatty
 .text.__check_heap_overflow
                0x0000a080       0x14 c:/nxp/mcuxpressoide_11.3.1_5262/ide/plugins/com.nxp.mcuxpresso.tools.win32_11.3.0.202008311133/tools/bin/../lib/gcc/arm-none-eabi/9.3.1/../../../../arm-none-eabi/lib/thumb/v7-m/nofp\libcr_newlib_semihost.a(_cr_check_heap.o)
                0x0000a080                __check_heap_overflow
 .text          0x0000a094      0x378 c:/nxp/mcuxpressoide_11.3.1_5262/ide/plugins/com.nxp.mcuxpresso.tools.win32_11.3.0.202008311133/tools/bin/../lib/gcc/arm-none-eabi/9.3.1/thumb/v7-m/nofp\libgcc.a(_arm_addsubdf3.o)
                0x0000a094                __aeabi_drsub
                0x0000a09c                __aeabi_dsub
                0x0000a09c                __subdf3
                0x0000a0a0                __aeabi_dadd
                0x0000a0a0                __adddf3
                0x0000a318                __floatunsidf
                0x0000a318                __aeabi_ui2d
                0x0000a338                __floatsidf
                0x0000a338                __aeabi_i2d
                0x0000a35c                __aeabi_f2d
                0x0000a35c                __extendsfdf2
                0x0000a3a0                __floatundidf
                0x0000a3a0                __aeabi_ul2d
                0x0000a3b0                __floatdidf
                0x0000a3b0                __aeabi_l2d
 .text          0x0000a40c      0x424 c:/nxp/mcuxpressoide_11.3.1_5262/ide/plugins/com.nxp.mcuxpresso.tools.win32_11.3.0.202008311133/tools/bin/../lib/gcc/arm-none-eabi/9.3.1/thumb/v7-m/nofp\libgcc.a(_arm_muldivdf3.o)
                0x0000a40c                __aeabi_dmul
                0x0000a40c                __muldf3
                0x0000a660                __divdf3
                0x0000a660                __aeabi_ddiv
 .text          0x0000a830      0x110 c:/nxp/mcuxpressoide_11.3.1_5262/ide/plugins/com.nxp.mcuxpresso.tools.win32_11.3.0.202008311133/tools/bin/../lib/gcc/arm-none-eabi/9.3.1/thumb/v7-m/nofp\libgcc.a(_arm_cmpdf2.o)
                0x0000a830                __gtdf2
                0x0000a830                __gedf2
                0x0000a838                __ltdf2
                0x0000a838                __ledf2
                0x0000a840                __nedf2
                0x0000a840                __eqdf2
                0x0000a840                __cmpdf2
                0x0000a8bc                __aeabi_cdrcmple
                0x0000a8cc                __aeabi_cdcmpeq
                0x0000a8cc                __aeabi_cdcmple
                0x0000a8dc                __aeabi_dcmpeq
                0x0000a8f0                __aeabi_dcmplt
                0x0000a904                __aeabi_dcmple
                0x0000a918                __aeabi_dcmpge
                0x0000a92c                __aeabi_dcmpgt
 .text          0x0000a940       0x2c c:/nxp/mcuxpressoide_11.3.1_5262/ide/plugins/com.nxp.mcuxpresso.tools.win32_11.3.0.202008311133/tools/bin/../lib/gcc/arm-none-eabi/9.3.1/thumb/v7-m/nofp\libgcc.a(_arm_unorddf2.o)
                0x0000a940                __unorddf2
                0x0000a940                __aeabi_dcmpun
 .text          0x0000a96c       0x50 c:/nxp/mcuxpressoide_11.3.1_5262/ide/plugins/com.nxp.mcuxpresso.tools.win32_11.3.0.202008311133/tools/bin/../lib/gcc/arm-none-eabi/9.3.1/thumb/v7-m/nofp\libgcc.a(_arm_fixdfsi.o)
                0x0000a96c                __aeabi_d2iz
                0x0000a96c                __fixdfsi
 .text.__errno  0x0000a9bc        0xc c:/nxp/mcuxpressoide_11.3.1_5262/ide/plugins/com.nxp.mcuxpresso.tools.win32_11.3.0.202008311133/tools/bin/../lib/gcc/arm-none-eabi/9.3.1/../../../../arm-none-eabi/lib/thumb/v7-m/nofp\libc.a(lib_a-errno.o)
                0x0000a9bc                __errno
 *(.rodata .rodata.* .constdata .constdata.*)
 .rodata.str1.4
                0x0000a9c8      0x121 ./src/main.o
 *fill*         0x0000aae9        0x3 ff
 .rodata        0x0000aaec        0x8 ./src/myOled.o
 .rodata        0x0000aaf4      0x300 C:\Users\student\Desktop\Rakieta - 10.06\Rakieta\Lib_EaBaseBoard\Debug\libLib_EaBaseBoard.a(font5x7.o)
                0x0000aaf4                font5x7
 .rodata.str1.4
                0x0000adf4        0xf C:\Users\student\Desktop\Rakieta - 10.06\Rakieta\Lib_MCU\Debug\libLib_MCU.a(lpc17xx_adc.o)
 *fill*         0x0000ae03        0x1 ff
 .rodata.str1.4
                0x0000ae04        0xf C:\Users\student\Desktop\Rakieta - 10.06\Rakieta\Lib_MCU\Debug\libLib_MCU.a(lpc17xx_i2c.o)
 *fill*         0x0000ae13        0x1 ff
 .rodata.str1.4
                0x0000ae14        0xf C:\Users\student\Desktop\Rakieta - 10.06\Rakieta\Lib_MCU\Debug\libLib_MCU.a(lpc17xx_ssp.o)
 *fill*         0x0000ae23        0x1 ff
 .rodata.str1.4
                0x0000ae24       0x11 C:\Users\student\Desktop\Rakieta - 10.06\Rakieta\Lib_MCU\Debug\libLib_MCU.a(lpc17xx_timer.o)
 *fill*         0x0000ae35        0x3 ff
 .rodata._svfprintf_r.str1.4
                0x0000ae38       0x42 c:/nxp/mcuxpressoide_11.3.1_5262/ide/plugins/com.nxp.mcuxpresso.tools.win32_11.3.0.202008311133/tools/bin/../lib/gcc/arm-none-eabi/9.3.1/../../../../arm-none-eabi/lib/thumb/v7-m/nofp\libc.a(lib_a-svfprintf.o)
 *fill*         0x0000ae7a        0x2 ff
 .rodata.blanks.7335
                0x0000ae7c       0x10 c:/nxp/mcuxpressoide_11.3.1_5262/ide/plugins/com.nxp.mcuxpresso.tools.win32_11.3.0.202008311133/tools/bin/../lib/gcc/arm-none-eabi/9.3.1/../../../../arm-none-eabi/lib/thumb/v7-m/nofp\libc.a(lib_a-svfprintf.o)
 .rodata.zeroes.7336
                0x0000ae8c       0x10 c:/nxp/mcuxpressoide_11.3.1_5262/ide/plugins/com.nxp.mcuxpresso.tools.win32_11.3.0.202008311133/tools/bin/../lib/gcc/arm-none-eabi/9.3.1/../../../../arm-none-eabi/lib/thumb/v7-m/nofp\libc.a(lib_a-svfprintf.o)
 .rodata._dtoa_r.str1.4
                0x0000ae9c       0xa0 c:/nxp/mcuxpressoide_11.3.1_5262/ide/plugins/com.nxp.mcuxpresso.tools.win32_11.3.0.202008311133/tools/bin/../lib/gcc/arm-none-eabi/9.3.1/../../../../arm-none-eabi/lib/thumb/v7-m/nofp\libc.a(lib_a-dtoa.o)
                                 0xa4 (size before relaxing)
 .rodata.__multadd.str1.4
                0x0000af3c       0x7d c:/nxp/mcuxpressoide_11.3.1_5262/ide/plugins/com.nxp.mcuxpresso.tools.win32_11.3.0.202008311133/tools/bin/../lib/gcc/arm-none-eabi/9.3.1/../../../../arm-none-eabi/lib/thumb/v7-m/nofp\libc.a(lib_a-mprec.o)
                                 0x91 (size before relaxing)
 *fill*         0x0000afb9        0x7 ff
 .rodata.__mprec_bigtens
                0x0000afc0       0x28 c:/nxp/mcuxpressoide_11.3.1_5262/ide/plugins/com.nxp.mcuxpresso.tools.win32_11.3.0.202008311133/tools/bin/../lib/gcc/arm-none-eabi/9.3.1/../../../../arm-none-eabi/lib/thumb/v7-m/nofp\libc.a(lib_a-mprec.o)
                0x0000afc0                __mprec_bigtens
 .rodata.__mprec_tens
                0x0000afe8       0xc8 c:/nxp/mcuxpressoide_11.3.1_5262/ide/plugins/com.nxp.mcuxpresso.tools.win32_11.3.0.202008311133/tools/bin/../lib/gcc/arm-none-eabi/9.3.1/../../../../arm-none-eabi/lib/thumb/v7-m/nofp\libc.a(lib_a-mprec.o)
                0x0000afe8                __mprec_tens
 .rodata.p05.6122
                0x0000b0b0        0xc c:/nxp/mcuxpressoide_11.3.1_5262/ide/plugins/com.nxp.mcuxpresso.tools.win32_11.3.0.202008311133/tools/bin/../lib/gcc/arm-none-eabi/9.3.1/../../../../arm-none-eabi/lib/thumb/v7-m/nofp\libc.a(lib_a-mprec.o)
 .rodata.__assert_func.str1.4
                0x0000b0bc       0x3f c:/nxp/mcuxpressoide_11.3.1_5262/ide/plugins/com.nxp.mcuxpresso.tools.win32_11.3.0.202008311133/tools/bin/../lib/gcc/arm-none-eabi/9.3.1/../../../../arm-none-eabi/lib/thumb/v7-m/nofp\libc.a(lib_a-assert.o)
                                 0x43 (size before relaxing)
 *fill*         0x0000b0fb        0x1 ff
 .rodata._setlocale_r.str1.4
                0x0000b0fc        0x6 c:/nxp/mcuxpressoide_11.3.1_5262/ide/plugins/com.nxp.mcuxpresso.tools.win32_11.3.0.202008311133/tools/bin/../lib/gcc/arm-none-eabi/9.3.1/../../../../arm-none-eabi/lib/thumb/v7-m/nofp\libc.a(lib_a-locale.o)
                                  0xd (size before relaxing)
 *fill*         0x0000b102        0x2 ff
 .rodata.str1.4
                0x0000b104        0x2 c:/nxp/mcuxpressoide_11.3.1_5262/ide/plugins/com.nxp.mcuxpresso.tools.win32_11.3.0.202008311133/tools/bin/../lib/gcc/arm-none-eabi/9.3.1/../../../../arm-none-eabi/lib/thumb/v7-m/nofp\libc.a(lib_a-locale.o)
 .rodata._vfiprintf_r.str1.4
                0x0000b106       0x2f c:/nxp/mcuxpressoide_11.3.1_5262/ide/plugins/com.nxp.mcuxpresso.tools.win32_11.3.0.202008311133/tools/bin/../lib/gcc/arm-none-eabi/9.3.1/../../../../arm-none-eabi/lib/thumb/v7-m/nofp\libc.a(lib_a-vfiprintf.o)
 *fill*         0x0000b106        0x2 ff
 .rodata.blanks.7328
                0x0000b108       0x10 c:/nxp/mcuxpressoide_11.3.1_5262/ide/plugins/com.nxp.mcuxpresso.tools.win32_11.3.0.202008311133/tools/bin/../lib/gcc/arm-none-eabi/9.3.1/../../../../arm-none-eabi/lib/thumb/v7-m/nofp\libc.a(lib_a-vfiprintf.o)
 .rodata.zeroes.7329
                0x0000b118       0x10 c:/nxp/mcuxpressoide_11.3.1_5262/ide/plugins/com.nxp.mcuxpresso.tools.win32_11.3.0.202008311133/tools/bin/../lib/gcc/arm-none-eabi/9.3.1/../../../../arm-none-eabi/lib/thumb/v7-m/nofp\libc.a(lib_a-vfiprintf.o)
 .rodata._ctype_
                0x0000b128      0x101 c:/nxp/mcuxpressoide_11.3.1_5262/ide/plugins/com.nxp.mcuxpresso.tools.win32_11.3.0.202008311133/tools/bin/../lib/gcc/arm-none-eabi/9.3.1/../../../../arm-none-eabi/lib/thumb/v7-m/nofp\libc.a(lib_a-ctype_.o)
                0x0000b128                _ctype_
 .rodata.initialise_monitor_handles.str1.1
                0x0000b229        0x4 c:/nxp/mcuxpressoide_11.3.1_5262/ide/plugins/com.nxp.mcuxpresso.tools.win32_11.3.0.202008311133/tools/bin/../lib/gcc/arm-none-eabi/9.3.1/../../../../arm-none-eabi/lib/thumb/v7-m/nofp\libcr_newlib_semihost.a(syscalls.o)
                0x0000b230                . = ALIGN (0x4)
 *fill*         0x0000b22d        0x3 ff

.glue_7         0x0000b230        0x0
 .glue_7        0x0000b230        0x0 linker stubs

.glue_7t        0x0000b230        0x0
 .glue_7t       0x0000b230        0x0 linker stubs

.vfp11_veneer   0x0000b230        0x0
 .vfp11_veneer  0x0000b230        0x0 linker stubs

.v4_bx          0x0000b230        0x0
 .v4_bx         0x0000b230        0x0 linker stubs

.iplt           0x0000b230        0x0
 .iplt          0x0000b230        0x0 ./src/cr_startup_lpc17.o

.ARM.extab
 *(.ARM.extab* .gnu.linkonce.armextab.*)

.ARM.exidx      0x0000b230        0x8
                0x0000b230                __exidx_start = .
 *(.ARM.exidx* .gnu.linkonce.armexidx.*)
 .ARM.exidx     0x0000b230        0x8 c:/nxp/mcuxpressoide_11.3.1_5262/ide/plugins/com.nxp.mcuxpresso.tools.win32_11.3.0.202008311133/tools/bin/../lib/gcc/arm-none-eabi/9.3.1/thumb/v7-m/nofp\libgcc.a(_udivmoddi4.o)
                0x0000b238                __exidx_end = .
                0x0000b238                _etext = .

.rel.dyn        0x0000b238        0x0
 .rel.iplt      0x0000b238        0x0 ./src/cr_startup_lpc17.o

.data_RAM2      0x2007c000        0x0 load address 0x0000b238
 FILL mask 0xff
                [!provide]                PROVIDE (__start_data_RAM2 = .)
                [!provide]                PROVIDE (__start_data_RamAHB32 = .)
 *(.ramfunc.$RAM2)
 *(.ramfunc.$RamAHB32)
 *(.data.$RAM2)
 *(.data.$RamAHB32)
 *(.data.$RAM2.*)
 *(.data.$RamAHB32.*)
                0x2007c000                . = ALIGN (0x4)
                [!provide]                PROVIDE (__end_data_RAM2 = .)
                [!provide]                PROVIDE (__end_data_RamAHB32 = .)

.uninit_RESERVED
                0x10000000        0x0
                0x10000000                _start_uninit_RESERVED = .
 *(.bss.$RESERVED*)
                0x10000000                . = ALIGN (0x4)
                0x10000000                _end_uninit_RESERVED = .

.data           0x10000000      0x9bc load address 0x0000b238
 FILL mask 0xff
                0x10000000                _data = .
                [!provide]                PROVIDE (__start_data_RAM = .)
                [!provide]                PROVIDE (__start_data_RamLoc32 = .)
 *(vtable)
 *(.ramfunc*)
 *(CodeQuickAccess)
 *(DataQuickAccess)
 *(RamFunction)
 *(.data*)
 .data          0x10000000        0x4 ./src/main.o
 .data          0x10000004        0x8 ./src/myLight.o
 .data          0x1000000c        0x4 C:\Users\student\Desktop\Rakieta - 10.06\Rakieta\Lib_CMSISv1p30_LPC17xx\Debug\libCMSISv1p30_LPC17xx.a(system_LPC17xx.o)
                0x1000000c                SystemCoreClock
 .data._impure_ptr
                0x10000010        0x4 c:/nxp/mcuxpressoide_11.3.1_5262/ide/plugins/com.nxp.mcuxpresso.tools.win32_11.3.0.202008311133/tools/bin/../lib/gcc/arm-none-eabi/9.3.1/../../../../arm-none-eabi/lib/thumb/v7-m/nofp\libc.a(lib_a-impure.o)
                0x10000010                _impure_ptr
 *fill*         0x10000014        0x4 ff
 .data.impure_data
                0x10000018      0x428 c:/nxp/mcuxpressoide_11.3.1_5262/ide/plugins/com.nxp.mcuxpresso.tools.win32_11.3.0.202008311133/tools/bin/../lib/gcc/arm-none-eabi/9.3.1/../../../../arm-none-eabi/lib/thumb/v7-m/nofp\libc.a(lib_a-impure.o)
 .data.__malloc_av_
                0x10000440      0x408 c:/nxp/mcuxpressoide_11.3.1_5262/ide/plugins/com.nxp.mcuxpresso.tools.win32_11.3.0.202008311133/tools/bin/../lib/gcc/arm-none-eabi/9.3.1/../../../../arm-none-eabi/lib/thumb/v7-m/nofp\libc.a(lib_a-mallocr.o)
                0x10000440                __malloc_av_
 .data.__malloc_sbrk_base
                0x10000848        0x4 c:/nxp/mcuxpressoide_11.3.1_5262/ide/plugins/com.nxp.mcuxpresso.tools.win32_11.3.0.202008311133/tools/bin/../lib/gcc/arm-none-eabi/9.3.1/../../../../arm-none-eabi/lib/thumb/v7-m/nofp\libc.a(lib_a-mallocr.o)
                0x10000848                __malloc_sbrk_base
 .data.__malloc_trim_threshold
                0x1000084c        0x4 c:/nxp/mcuxpressoide_11.3.1_5262/ide/plugins/com.nxp.mcuxpresso.tools.win32_11.3.0.202008311133/tools/bin/../lib/gcc/arm-none-eabi/9.3.1/../../../../arm-none-eabi/lib/thumb/v7-m/nofp\libc.a(lib_a-mallocr.o)
                0x1000084c                __malloc_trim_threshold
 .data.__global_locale
                0x10000850      0x16c c:/nxp/mcuxpressoide_11.3.1_5262/ide/plugins/com.nxp.mcuxpresso.tools.win32_11.3.0.202008311133/tools/bin/../lib/gcc/arm-none-eabi/9.3.1/../../../../arm-none-eabi/lib/thumb/v7-m/nofp\libc.a(lib_a-locale.o)
                0x10000850                __global_locale
                0x100009bc                . = ALIGN (0x4)
                0x100009bc                _edata = .
                [!provide]                PROVIDE (__end_data_RAM = .)
                [!provide]                PROVIDE (__end_data_RamLoc32 = .)

.igot.plt       0x100009bc        0x0 load address 0x0000bbf4
 .igot.plt      0x100009bc        0x0 ./src/cr_startup_lpc17.o

.bss_RAM2       0x2007c000        0x0
                [!provide]                PROVIDE (__start_bss_RAM2 = .)
                [!provide]                PROVIDE (__start_bss_RamAHB32 = .)
 *(.bss.$RAM2)
 *(.bss.$RamAHB32)
 *(.bss.$RAM2.*)
 *(.bss.$RamAHB32.*)
                0x2007c000                . = ALIGN ((. != 0x0)?0x4:0x1)
                [!provide]                PROVIDE (__end_bss_RAM2 = .)
                [!provide]                PROVIDE (__end_bss_RamAHB32 = .)

.bss            0x100009bc      0x414
                0x100009bc                _bss = .
                [!provide]                PROVIDE (__start_bss_RAM = .)
                [!provide]                PROVIDE (__start_bss_RamLoc32 = .)
 *(.bss*)
 .bss           0x100009bc       0x1a ./src/main.o
                0x100009bc                maxTemp
                0x100009c0                maxPress
                0x100009c4                eepromVersion
 *fill*         0x100009d6        0x2 
 .bss           0x100009d8        0x4 ./src/myEmbededTemp.o
 .bss           0x100009dc      0x300 ./src/myOled.o
 .bss           0x10000cdc       0x34 C:\Users\student\Desktop\Rakieta - 10.06\Rakieta\Lib_MCU\Debug\libLib_MCU.a(lpc17xx_i2c.o)
 .bss.__malloc_current_mallinfo
                0x10000d10       0x28 c:/nxp/mcuxpressoide_11.3.1_5262/ide/plugins/com.nxp.mcuxpresso.tools.win32_11.3.0.202008311133/tools/bin/../lib/gcc/arm-none-eabi/9.3.1/../../../../arm-none-eabi/lib/thumb/v7-m/nofp\libc.a(lib_a-mallocr.o)
                0x10000d10                __malloc_current_mallinfo
 .bss.__malloc_max_sbrked_mem
                0x10000d38        0x4 c:/nxp/mcuxpressoide_11.3.1_5262/ide/plugins/com.nxp.mcuxpresso.tools.win32_11.3.0.202008311133/tools/bin/../lib/gcc/arm-none-eabi/9.3.1/../../../../arm-none-eabi/lib/thumb/v7-m/nofp\libc.a(lib_a-mallocr.o)
                0x10000d38                __malloc_max_sbrked_mem
 .bss.__malloc_max_total_mem
                0x10000d3c        0x4 c:/nxp/mcuxpressoide_11.3.1_5262/ide/plugins/com.nxp.mcuxpresso.tools.win32_11.3.0.202008311133/tools/bin/../lib/gcc/arm-none-eabi/9.3.1/../../../../arm-none-eabi/lib/thumb/v7-m/nofp\libc.a(lib_a-mallocr.o)
                0x10000d3c                __malloc_max_total_mem
 .bss.__malloc_top_pad
                0x10000d40        0x4 c:/nxp/mcuxpressoide_11.3.1_5262/ide/plugins/com.nxp.mcuxpresso.tools.win32_11.3.0.202008311133/tools/bin/../lib/gcc/arm-none-eabi/9.3.1/../../../../arm-none-eabi/lib/thumb/v7-m/nofp\libc.a(lib_a-mallocr.o)
                0x10000d40                __malloc_top_pad
 .bss.__end_of_heap
                0x10000d44        0x4 c:/nxp/mcuxpressoide_11.3.1_5262/ide/plugins/com.nxp.mcuxpresso.tools.win32_11.3.0.202008311133/tools/bin/../lib/gcc/arm-none-eabi/9.3.1/../../../../arm-none-eabi/lib/thumb/v7-m/nofp\libcr_newlib_semihost.a(_cr_sbrk.o)
                0x10000d44                __end_of_heap
 .bss.initialized.5713
                0x10000d48        0x4 c:/nxp/mcuxpressoide_11.3.1_5262/ide/plugins/com.nxp.mcuxpresso.tools.win32_11.3.0.202008311133/tools/bin/../lib/gcc/arm-none-eabi/9.3.1/../../../../arm-none-eabi/lib/thumb/v7-m/nofp\libcr_newlib_semihost.a(syscalls.o)
 .bss.monitor_stderr
                0x10000d4c        0x4 c:/nxp/mcuxpressoide_11.3.1_5262/ide/plugins/com.nxp.mcuxpresso.tools.win32_11.3.0.202008311133/tools/bin/../lib/gcc/arm-none-eabi/9.3.1/../../../../arm-none-eabi/lib/thumb/v7-m/nofp\libcr_newlib_semihost.a(syscalls.o)
 .bss.monitor_stdin
                0x10000d50        0x4 c:/nxp/mcuxpressoide_11.3.1_5262/ide/plugins/com.nxp.mcuxpresso.tools.win32_11.3.0.202008311133/tools/bin/../lib/gcc/arm-none-eabi/9.3.1/../../../../arm-none-eabi/lib/thumb/v7-m/nofp\libcr_newlib_semihost.a(syscalls.o)
 .bss.monitor_stdout
                0x10000d54        0x4 c:/nxp/mcuxpressoide_11.3.1_5262/ide/plugins/com.nxp.mcuxpresso.tools.win32_11.3.0.202008311133/tools/bin/../lib/gcc/arm-none-eabi/9.3.1/../../../../arm-none-eabi/lib/thumb/v7-m/nofp\libcr_newlib_semihost.a(syscalls.o)
 .bss.openfiles
                0x10000d58       0x28 c:/nxp/mcuxpressoide_11.3.1_5262/ide/plugins/com.nxp.mcuxpresso.tools.win32_11.3.0.202008311133/tools/bin/../lib/gcc/arm-none-eabi/9.3.1/../../../../arm-none-eabi/lib/thumb/v7-m/nofp\libcr_newlib_semihost.a(syscalls.o)
 *(COMMON)
 COMMON         0x10000d80        0x4 ./src/main.o
                0x10000d80                data
 COMMON         0x10000d84       0x22 ./src/myBarometr.o
                0x10000d84                g_bmp180_data
                0x10000d90                g_calib
 *fill*         0x10000da6        0x2 
 COMMON         0x10000da8       0x21 c:/nxp/mcuxpressoide_11.3.1_5262/ide/plugins/com.nxp.mcuxpresso.tools.win32_11.3.0.202008311133/tools/bin/../lib/gcc/arm-none-eabi/9.3.1/../../../../arm-none-eabi/lib/thumb/v7-m/nofp\libc.a(lib_a-lock.o)
                0x10000da8                __lock___atexit_recursive_mutex
                0x10000dac                __lock___arc4random_mutex
                0x10000db0                __lock___env_recursive_mutex
                0x10000db4                __lock___sinit_recursive_mutex
                0x10000db8                __lock___malloc_recursive_mutex
                0x10000dbc                __lock___at_quick_exit_mutex
                0x10000dc0                __lock___dd_hash_mutex
                0x10000dc4                __lock___tz_mutex
                0x10000dc8                __lock___sfp_recursive_mutex
 *fill*         0x10000dc9        0x3 
 COMMON         0x10000dcc        0x4 c:/nxp/mcuxpressoide_11.3.1_5262/ide/plugins/com.nxp.mcuxpresso.tools.win32_11.3.0.202008311133/tools/bin/../lib/gcc/arm-none-eabi/9.3.1/../../../../arm-none-eabi/lib/thumb/v7-m/nofp\libc.a(lib_a-reent.o)
                0x10000dcc                errno
                0x10000dd0                . = ALIGN (0x4)
                0x10000dd0                _ebss = .
                [!provide]                PROVIDE (__end_bss_RAM = .)
                [!provide]                PROVIDE (__end_bss_RamLoc32 = .)
                [!provide]                PROVIDE (end = .)

.noinit_RAM2    0x2007c000        0x0
                [!provide]                PROVIDE (__start_noinit_RAM2 = .)
                [!provide]                PROVIDE (__start_noinit_RamAHB32 = .)
 *(.noinit.$RAM2)
 *(.noinit.$RamAHB32)
 *(.noinit.$RAM2.*)
 *(.noinit.$RamAHB32.*)
                0x2007c000                . = ALIGN (0x4)
                [!provide]                PROVIDE (__end_noinit_RAM2 = .)
                [!provide]                PROVIDE (__end_noinit_RamAHB32 = .)

.noinit         0x10000dd0        0x0
                0x10000dd0                _noinit = .
                [!provide]                PROVIDE (__start_noinit_RAM = .)
                [!provide]                PROVIDE (__start_noinit_RamLoc32 = .)
 *(.noinit*)
                0x10000dd0                . = ALIGN (0x4)
                0x10000dd0                _end_noinit = .
                [!provide]                PROVIDE (__end_noinit_RAM = .)
                [!provide]                PROVIDE (__end_noinit_RamLoc32 = .)
                0x10000dd0                PROVIDE (_pvHeapStart = DEFINED (__user_heap_base)?__user_heap_base:.)
                0x10008000                PROVIDE (_vStackTop = DEFINED (__user_stack_top)?__user_stack_top:(__top_RamLoc32 - 0x0))
                [!provide]                PROVIDE (__valid_user_code_checksum = (0x0 - ((((((_vStackTop + (ResetISR + 0x1)) + (NMI_Handler + 0x1)) + (HardFault_Handler + 0x1)) + (DEFINED (MemManage_Handler)?MemManage_Handler:0x0 + 0x1)) + (DEFINED (BusFault_Handler)?BusFault_Handler:0x0 + 0x1)) + (DEFINED (UsageFault_Handler)?UsageFault_Handler:0x0 + 0x1))))
                0x00000000                _image_start = LOADADDR (.text)
                0x0000bbf4                _image_end = (LOADADDR (.data) + SIZEOF (.data))
                0x0000bbf4                _image_size = (_image_end - _image_start)
OUTPUT(oled_periph.axf elf32-littlearm)
LOAD linker stubs

.debug_info     0x00000000     0x8bba
 .debug_info    0x00000000      0x1fe ./src/cr_startup_lpc17.o
 .debug_info    0x000001fe      0xd80 ./src/eeprom.o
 .debug_info    0x00000f7e      0xea1 ./src/main.o
 .debug_info    0x00001e1f      0x559 ./src/myAcc.o
 .debug_info    0x00002378      0x643 ./src/myBarometr.o
 .debug_info    0x000029bb      0x16f ./src/myEmbededTemp.o
 .debug_info    0x00002b2a      0x11f ./src/myJoystick.o
 .debug_info    0x00002c49      0x77c ./src/myLight.o
 .debug_info    0x000033c5     0x1275 ./src/myOled.o
 .debug_info    0x0000463a      0x36c ./src/myTemp.o
 .debug_info    0x000049a6      0x345 C:\Users\student\Desktop\Rakieta - 10.06\Rakieta\Lib_CMSISv1p30_LPC17xx\Debug\libCMSISv1p30_LPC17xx.a(system_LPC17xx.o)
 .debug_info    0x00004ceb       0x62 C:\Users\student\Desktop\Rakieta - 10.06\Rakieta\Lib_EaBaseBoard\Debug\libLib_EaBaseBoard.a(font5x7.o)
 .debug_info    0x00004d4d      0x666 C:\Users\student\Desktop\Rakieta - 10.06\Rakieta\Lib_MCU\Debug\libLib_MCU.a(lpc17xx_adc.o)
 .debug_info    0x000053b3      0x62a C:\Users\student\Desktop\Rakieta - 10.06\Rakieta\Lib_MCU\Debug\libLib_MCU.a(lpc17xx_clkpwr.o)
 .debug_info    0x000059dd      0xe1a C:\Users\student\Desktop\Rakieta - 10.06\Rakieta\Lib_MCU\Debug\libLib_MCU.a(lpc17xx_gpio.o)
 .debug_info    0x000067f7      0xdca C:\Users\student\Desktop\Rakieta - 10.06\Rakieta\Lib_MCU\Debug\libLib_MCU.a(lpc17xx_i2c.o)
 .debug_info    0x000075c1      0x4cd C:\Users\student\Desktop\Rakieta - 10.06\Rakieta\Lib_MCU\Debug\libLib_MCU.a(lpc17xx_pinsel.o)
 .debug_info    0x00007a8e      0x7b5 C:\Users\student\Desktop\Rakieta - 10.06\Rakieta\Lib_MCU\Debug\libLib_MCU.a(lpc17xx_ssp.o)
 .debug_info    0x00008243      0x977 C:\Users\student\Desktop\Rakieta - 10.06\Rakieta\Lib_MCU\Debug\libLib_MCU.a(lpc17xx_timer.o)

.debug_abbrev   0x00000000     0x2369
 .debug_abbrev  0x00000000       0xc8 ./src/cr_startup_lpc17.o
 .debug_abbrev  0x000000c8      0x2ba ./src/eeprom.o
 .debug_abbrev  0x00000382      0x318 ./src/main.o
 .debug_abbrev  0x0000069a      0x1ba ./src/myAcc.o
 .debug_abbrev  0x00000854      0x218 ./src/myBarometr.o
 .debug_abbrev  0x00000a6c       0xe6 ./src/myEmbededTemp.o
 .debug_abbrev  0x00000b52       0xb2 ./src/myJoystick.o
 .debug_abbrev  0x00000c04      0x22b ./src/myLight.o
 .debug_abbrev  0x00000e2f      0x333 ./src/myOled.o
 .debug_abbrev  0x00001162      0x186 ./src/myTemp.o
 .debug_abbrev  0x000012e8      0x11c C:\Users\student\Desktop\Rakieta - 10.06\Rakieta\Lib_CMSISv1p30_LPC17xx\Debug\libCMSISv1p30_LPC17xx.a(system_LPC17xx.o)
 .debug_abbrev  0x00001404       0x4a C:\Users\student\Desktop\Rakieta - 10.06\Rakieta\Lib_EaBaseBoard\Debug\libLib_EaBaseBoard.a(font5x7.o)
 .debug_abbrev  0x0000144e      0x1c7 C:\Users\student\Desktop\Rakieta - 10.06\Rakieta\Lib_MCU\Debug\libLib_MCU.a(lpc17xx_adc.o)
 .debug_abbrev  0x00001615      0x1fd C:\Users\student\Desktop\Rakieta - 10.06\Rakieta\Lib_MCU\Debug\libLib_MCU.a(lpc17xx_clkpwr.o)
 .debug_abbrev  0x00001812      0x26b C:\Users\student\Desktop\Rakieta - 10.06\Rakieta\Lib_MCU\Debug\libLib_MCU.a(lpc17xx_gpio.o)
 .debug_abbrev  0x00001a7d      0x2de C:\Users\student\Desktop\Rakieta - 10.06\Rakieta\Lib_MCU\Debug\libLib_MCU.a(lpc17xx_i2c.o)
 .debug_abbrev  0x00001d5b      0x196 C:\Users\student\Desktop\Rakieta - 10.06\Rakieta\Lib_MCU\Debug\libLib_MCU.a(lpc17xx_pinsel.o)
 .debug_abbrev  0x00001ef1      0x21b C:\Users\student\Desktop\Rakieta - 10.06\Rakieta\Lib_MCU\Debug\libLib_MCU.a(lpc17xx_ssp.o)
 .debug_abbrev  0x0000210c      0x25d C:\Users\student\Desktop\Rakieta - 10.06\Rakieta\Lib_MCU\Debug\libLib_MCU.a(lpc17xx_timer.o)

.debug_aranges  0x00000000      0x810
 .debug_aranges
                0x00000000       0x70 ./src/cr_startup_lpc17.o
 .debug_aranges
                0x00000070       0x48 ./src/eeprom.o
 .debug_aranges
                0x000000b8       0x80 ./src/main.o
 .debug_aranges
                0x00000138       0x60 ./src/myAcc.o
 .debug_aranges
                0x00000198       0x50 ./src/myBarometr.o
 .debug_aranges
                0x000001e8       0x28 ./src/myEmbededTemp.o
 .debug_aranges
                0x00000210       0x28 ./src/myJoystick.o
 .debug_aranges
                0x00000238       0x98 ./src/myLight.o
 .debug_aranges
                0x000002d0       0x90 ./src/myOled.o
 .debug_aranges
                0x00000360       0x30 ./src/myTemp.o
 .debug_aranges
                0x00000390       0x28 C:\Users\student\Desktop\Rakieta - 10.06\Rakieta\Lib_CMSISv1p30_LPC17xx\Debug\libCMSISv1p30_LPC17xx.a(system_LPC17xx.o)
 .debug_aranges
                0x000003b8       0x18 C:\Users\student\Desktop\Rakieta - 10.06\Rakieta\Lib_EaBaseBoard\Debug\libLib_EaBaseBoard.a(font5x7.o)
 .debug_aranges
                0x000003d0       0x80 C:\Users\student\Desktop\Rakieta - 10.06\Rakieta\Lib_MCU\Debug\libLib_MCU.a(lpc17xx_adc.o)
 .debug_aranges
                0x00000450       0x60 C:\Users\student\Desktop\Rakieta - 10.06\Rakieta\Lib_MCU\Debug\libLib_MCU.a(lpc17xx_clkpwr.o)
 .debug_aranges
                0x000004b0       0xf8 C:\Users\student\Desktop\Rakieta - 10.06\Rakieta\Lib_MCU\Debug\libLib_MCU.a(lpc17xx_gpio.o)
 .debug_aranges
                0x000005a8       0xd0 C:\Users\student\Desktop\Rakieta - 10.06\Rakieta\Lib_MCU\Debug\libLib_MCU.a(lpc17xx_i2c.o)
 .debug_aranges
                0x00000678       0x48 C:\Users\student\Desktop\Rakieta - 10.06\Rakieta\Lib_MCU\Debug\libLib_MCU.a(lpc17xx_pinsel.o)
 .debug_aranges
                0x000006c0       0xa8 C:\Users\student\Desktop\Rakieta - 10.06\Rakieta\Lib_MCU\Debug\libLib_MCU.a(lpc17xx_ssp.o)
 .debug_aranges
                0x00000768       0xa8 C:\Users\student\Desktop\Rakieta - 10.06\Rakieta\Lib_MCU\Debug\libLib_MCU.a(lpc17xx_timer.o)

.debug_ranges   0x00000000      0x6d8
 .debug_ranges  0x00000000       0x60 ./src/cr_startup_lpc17.o
 .debug_ranges  0x00000060       0x38 ./src/eeprom.o
 .debug_ranges  0x00000098       0x70 ./src/main.o
 .debug_ranges  0x00000108       0x50 ./src/myAcc.o
 .debug_ranges  0x00000158       0x40 ./src/myBarometr.o
 .debug_ranges  0x00000198       0x18 ./src/myEmbededTemp.o
 .debug_ranges  0x000001b0       0x18 ./src/myJoystick.o
 .debug_ranges  0x000001c8       0x88 ./src/myLight.o
 .debug_ranges  0x00000250       0x80 ./src/myOled.o
 .debug_ranges  0x000002d0       0x20 ./src/myTemp.o
 .debug_ranges  0x000002f0       0x18 C:\Users\student\Desktop\Rakieta - 10.06\Rakieta\Lib_CMSISv1p30_LPC17xx\Debug\libCMSISv1p30_LPC17xx.a(system_LPC17xx.o)
 .debug_ranges  0x00000308       0x70 C:\Users\student\Desktop\Rakieta - 10.06\Rakieta\Lib_MCU\Debug\libLib_MCU.a(lpc17xx_adc.o)
 .debug_ranges  0x00000378       0x50 C:\Users\student\Desktop\Rakieta - 10.06\Rakieta\Lib_MCU\Debug\libLib_MCU.a(lpc17xx_clkpwr.o)
 .debug_ranges  0x000003c8       0xe8 C:\Users\student\Desktop\Rakieta - 10.06\Rakieta\Lib_MCU\Debug\libLib_MCU.a(lpc17xx_gpio.o)
 .debug_ranges  0x000004b0       0xc0 C:\Users\student\Desktop\Rakieta - 10.06\Rakieta\Lib_MCU\Debug\libLib_MCU.a(lpc17xx_i2c.o)
 .debug_ranges  0x00000570       0x38 C:\Users\student\Desktop\Rakieta - 10.06\Rakieta\Lib_MCU\Debug\libLib_MCU.a(lpc17xx_pinsel.o)
 .debug_ranges  0x000005a8       0x98 C:\Users\student\Desktop\Rakieta - 10.06\Rakieta\Lib_MCU\Debug\libLib_MCU.a(lpc17xx_ssp.o)
 .debug_ranges  0x00000640       0x98 C:\Users\student\Desktop\Rakieta - 10.06\Rakieta\Lib_MCU\Debug\libLib_MCU.a(lpc17xx_timer.o)

.debug_macro    0x00000000     0x534a
 .debug_macro   0x00000000       0x79 ./src/cr_startup_lpc17.o
 .debug_macro   0x00000079      0x25b ./src/eeprom.o
 .debug_macro   0x000002d4       0x64 ./src/eeprom.o
 .debug_macro   0x00000338       0x18 ./src/eeprom.o
 .debug_macro   0x00000350       0x35 ./src/eeprom.o
 .debug_macro   0x00000385       0x34 ./src/eeprom.o
 .debug_macro   0x000003b9      0x174 ./src/eeprom.o
 .debug_macro   0x0000052d       0x16 ./src/eeprom.o
 .debug_macro   0x00000543       0x43 ./src/eeprom.o
 .debug_macro   0x00000586       0x34 ./src/eeprom.o
 .debug_macro   0x000005ba       0x10 ./src/eeprom.o
 .debug_macro   0x000005ca       0x58 ./src/eeprom.o
 .debug_macro   0x00000622      0x182 ./src/eeprom.o
 .debug_macro   0x000007a4      0x339 ./src/eeprom.o
 .debug_macro   0x00000add       0x10 ./src/eeprom.o
 .debug_macro   0x00000aed       0x35 ./src/eeprom.o
 .debug_macro   0x00000b22       0x1c ./src/eeprom.o
 .debug_macro   0x00000b3e       0x10 ./src/eeprom.o
 .debug_macro   0x00000b4e       0x10 ./src/eeprom.o
 .debug_macro   0x00000b5e       0x1c ./src/eeprom.o
 .debug_macro   0x00000b7a       0x52 ./src/eeprom.o
 .debug_macro   0x00000bcc       0x22 ./src/eeprom.o
 .debug_macro   0x00000bee       0x10 ./src/eeprom.o
 .debug_macro   0x00000bfe       0x40 ./src/eeprom.o
 .debug_macro   0x00000c3e       0xd5 ./src/eeprom.o
 .debug_macro   0x00000d13       0x1c ./src/eeprom.o
 .debug_macro   0x00000d2f       0x3d ./src/eeprom.o
 .debug_macro   0x00000d6c       0x16 ./src/eeprom.o
 .debug_macro   0x00000d82      0x16f ./src/eeprom.o
 .debug_macro   0x00000ef1      0x11a ./src/main.o
 .debug_macro   0x0000100b      0x140 ./src/main.o
 .debug_macro   0x0000114b      0x192 ./src/main.o
 .debug_macro   0x000012dd       0x46 ./src/main.o
 .debug_macro   0x00001323      0x2a6 ./src/main.o
 .debug_macro   0x000015c9       0xee ./src/main.o
 .debug_macro   0x000016b7       0xed ./src/main.o
 .debug_macro   0x000017a4       0x16 ./src/main.o
 .debug_macro   0x000017ba       0xa0 ./src/main.o
 .debug_macro   0x0000185a       0x28 ./src/main.o
 .debug_macro   0x00001882       0x22 ./src/main.o
 .debug_macro   0x000018a4      0x189 ./src/myAcc.o
 .debug_macro   0x00001a2d       0xaa ./src/myBarometr.o
 .debug_macro   0x00001ad7       0xd5 ./src/myEmbededTemp.o
 .debug_macro   0x00001bac       0x40 ./src/myEmbededTemp.o
 .debug_macro   0x00001bec       0xaa ./src/myJoystick.o
 .debug_macro   0x00001c96      0x14d ./src/myLight.o
 .debug_macro   0x00001de3      0x1a9 ./src/myOled.o
 .debug_macro   0x00001f8c       0x5e ./src/myOled.o
 .debug_macro   0x00001fea       0x94 ./src/myOled.o
 .debug_macro   0x0000207e       0x57 ./src/myOled.o
 .debug_macro   0x000020d5       0x5d ./src/myOled.o
 .debug_macro   0x00002132       0xb7 ./src/myTemp.o
 .debug_macro   0x000021e9      0x113 C:\Users\student\Desktop\Rakieta - 10.06\Rakieta\Lib_CMSISv1p30_LPC17xx\Debug\libCMSISv1p30_LPC17xx.a(system_LPC17xx.o)
 .debug_macro   0x000022fc      0xaa2 C:\Users\student\Desktop\Rakieta - 10.06\Rakieta\Lib_CMSISv1p30_LPC17xx\Debug\libCMSISv1p30_LPC17xx.a(system_LPC17xx.o)
 .debug_macro   0x00002d9e       0x10 C:\Users\student\Desktop\Rakieta - 10.06\Rakieta\Lib_CMSISv1p30_LPC17xx\Debug\libCMSISv1p30_LPC17xx.a(system_LPC17xx.o)
 .debug_macro   0x00002dae      0x12e C:\Users\student\Desktop\Rakieta - 10.06\Rakieta\Lib_CMSISv1p30_LPC17xx\Debug\libCMSISv1p30_LPC17xx.a(system_LPC17xx.o)
 .debug_macro   0x00002edc      0x5b3 C:\Users\student\Desktop\Rakieta - 10.06\Rakieta\Lib_CMSISv1p30_LPC17xx\Debug\libCMSISv1p30_LPC17xx.a(system_LPC17xx.o)
 .debug_macro   0x0000348f      0x7d5 C:\Users\student\Desktop\Rakieta - 10.06\Rakieta\Lib_CMSISv1p30_LPC17xx\Debug\libCMSISv1p30_LPC17xx.a(system_LPC17xx.o)
 .debug_macro   0x00003c64       0x1a C:\Users\student\Desktop\Rakieta - 10.06\Rakieta\Lib_EaBaseBoard\Debug\libLib_EaBaseBoard.a(font5x7.o)
 .debug_macro   0x00003c7e      0x696 C:\Users\student\Desktop\Rakieta - 10.06\Rakieta\Lib_EaBaseBoard\Debug\libLib_EaBaseBoard.a(font5x7.o)
 .debug_macro   0x00004314       0x8c C:\Users\student\Desktop\Rakieta - 10.06\Rakieta\Lib_MCU\Debug\libLib_MCU.a(lpc17xx_adc.o)
 .debug_macro   0x000043a0       0xe8 C:\Users\student\Desktop\Rakieta - 10.06\Rakieta\Lib_MCU\Debug\libLib_MCU.a(lpc17xx_adc.o)
 .debug_macro   0x00004488      0x2fa C:\Users\student\Desktop\Rakieta - 10.06\Rakieta\Lib_MCU\Debug\libLib_MCU.a(lpc17xx_adc.o)
 .debug_macro   0x00004782       0xda C:\Users\student\Desktop\Rakieta - 10.06\Rakieta\Lib_MCU\Debug\libLib_MCU.a(lpc17xx_adc.o)
 .debug_macro   0x0000485c       0x7a C:\Users\student\Desktop\Rakieta - 10.06\Rakieta\Lib_MCU\Debug\libLib_MCU.a(lpc17xx_clkpwr.o)
 .debug_macro   0x000048d6      0x2f4 C:\Users\student\Desktop\Rakieta - 10.06\Rakieta\Lib_MCU\Debug\libLib_MCU.a(lpc17xx_clkpwr.o)
 .debug_macro   0x00004bca       0x83 C:\Users\student\Desktop\Rakieta - 10.06\Rakieta\Lib_MCU\Debug\libLib_MCU.a(lpc17xx_gpio.o)
 .debug_macro   0x00004c4d       0x95 C:\Users\student\Desktop\Rakieta - 10.06\Rakieta\Lib_MCU\Debug\libLib_MCU.a(lpc17xx_i2c.o)
 .debug_macro   0x00004ce2      0x146 C:\Users\student\Desktop\Rakieta - 10.06\Rakieta\Lib_MCU\Debug\libLib_MCU.a(lpc17xx_i2c.o)
 .debug_macro   0x00004e28       0x7a C:\Users\student\Desktop\Rakieta - 10.06\Rakieta\Lib_MCU\Debug\libLib_MCU.a(lpc17xx_pinsel.o)
 .debug_macro   0x00004ea2       0x8c C:\Users\student\Desktop\Rakieta - 10.06\Rakieta\Lib_MCU\Debug\libLib_MCU.a(lpc17xx_ssp.o)
 .debug_macro   0x00004f2e      0x2a0 C:\Users\student\Desktop\Rakieta - 10.06\Rakieta\Lib_MCU\Debug\libLib_MCU.a(lpc17xx_ssp.o)
 .debug_macro   0x000051ce       0x95 C:\Users\student\Desktop\Rakieta - 10.06\Rakieta\Lib_MCU\Debug\libLib_MCU.a(lpc17xx_timer.o)
 .debug_macro   0x00005263       0xe7 C:\Users\student\Desktop\Rakieta - 10.06\Rakieta\Lib_MCU\Debug\libLib_MCU.a(lpc17xx_timer.o)

.debug_line     0x00000000     0x7300
 .debug_line    0x00000000      0x447 ./src/cr_startup_lpc17.o
 .debug_line    0x00000447      0x6a2 ./src/eeprom.o
 .debug_line    0x00000ae9      0x94d ./src/main.o
 .debug_line    0x00001436      0x515 ./src/myAcc.o
 .debug_line    0x0000194b      0x680 ./src/myBarometr.o
 .debug_line    0x00001fcb      0x452 ./src/myEmbededTemp.o
 .debug_line    0x0000241d      0x408 ./src/myJoystick.o
 .debug_line    0x00002825      0x670 ./src/myLight.o
 .debug_line    0x00002e95      0xa05 ./src/myOled.o
 .debug_line    0x0000389a      0x40c ./src/myTemp.o
 .debug_line    0x00003ca6      0x3f5 C:\Users\student\Desktop\Rakieta - 10.06\Rakieta\Lib_CMSISv1p30_LPC17xx\Debug\libCMSISv1p30_LPC17xx.a(system_LPC17xx.o)
 .debug_line    0x0000409b       0x86 C:\Users\student\Desktop\Rakieta - 10.06\Rakieta\Lib_EaBaseBoard\Debug\libLib_EaBaseBoard.a(font5x7.o)
 .debug_line    0x00004121      0x547 C:\Users\student\Desktop\Rakieta - 10.06\Rakieta\Lib_MCU\Debug\libLib_MCU.a(lpc17xx_adc.o)
 .debug_line    0x00004668      0x3e9 C:\Users\student\Desktop\Rakieta - 10.06\Rakieta\Lib_MCU\Debug\libLib_MCU.a(lpc17xx_clkpwr.o)
 .debug_line    0x00004a51      0x727 C:\Users\student\Desktop\Rakieta - 10.06\Rakieta\Lib_MCU\Debug\libLib_MCU.a(lpc17xx_gpio.o)
 .debug_line    0x00005178      0xd1b C:\Users\student\Desktop\Rakieta - 10.06\Rakieta\Lib_MCU\Debug\libLib_MCU.a(lpc17xx_i2c.o)
 .debug_line    0x00005e93      0x367 C:\Users\student\Desktop\Rakieta - 10.06\Rakieta\Lib_MCU\Debug\libLib_MCU.a(lpc17xx_pinsel.o)
 .debug_line    0x000061fa      0x8bc C:\Users\student\Desktop\Rakieta - 10.06\Rakieta\Lib_MCU\Debug\libLib_MCU.a(lpc17xx_ssp.o)
 .debug_line    0x00006ab6      0x84a C:\Users\student\Desktop\Rakieta - 10.06\Rakieta\Lib_MCU\Debug\libLib_MCU.a(lpc17xx_timer.o)

.debug_str      0x00000000    0x1520d
 .debug_str     0x00000000     0x3cc8 ./src/cr_startup_lpc17.o
                               0x3e37 (size before relaxing)
 .debug_str     0x00003cc8     0x8a64 ./src/eeprom.o
                               0xc850 (size before relaxing)
 .debug_str     0x0000c72c     0x300e ./src/main.o
                               0xb813 (size before relaxing)
 .debug_str     0x0000f73a      0x3c4 ./src/myAcc.o
                               0x8c35 (size before relaxing)
 .debug_str     0x0000fafe       0xad ./src/myBarometr.o
                               0x8b07 (size before relaxing)
 .debug_str     0x0000fbab       0xdd ./src/myEmbededTemp.o
                               0x819c (size before relaxing)
 .debug_str     0x0000fc88       0x3c ./src/myJoystick.o
                               0x8131 (size before relaxing)
 .debug_str     0x0000fcc4      0x2af ./src/myLight.o
                               0x8cc4 (size before relaxing)
 .debug_str     0x0000ff73      0x369 ./src/myOled.o
                               0xcc3c (size before relaxing)
 .debug_str     0x000102dc       0x28 ./src/myTemp.o
                               0x8892 (size before relaxing)
 .debug_str     0x00010304     0x1ab9 C:\Users\student\Desktop\Rakieta - 10.06\Rakieta\Lib_CMSISv1p30_LPC17xx\Debug\libCMSISv1p30_LPC17xx.a(system_LPC17xx.o)
                               0x887c (size before relaxing)
 .debug_str     0x00011dbd      0xe68 C:\Users\student\Desktop\Rakieta - 10.06\Rakieta\Lib_EaBaseBoard\Debug\libLib_EaBaseBoard.a(font5x7.o)
                               0x3bca (size before relaxing)
 .debug_str     0x00012c25     0x1592 C:\Users\student\Desktop\Rakieta - 10.06\Rakieta\Lib_MCU\Debug\libLib_MCU.a(lpc17xx_adc.o)
                               0xa452 (size before relaxing)
 .debug_str     0x000141b7       0xcb C:\Users\student\Desktop\Rakieta - 10.06\Rakieta\Lib_MCU\Debug\libLib_MCU.a(lpc17xx_clkpwr.o)
                               0x9a70 (size before relaxing)
 .debug_str     0x00014282      0x424 C:\Users\student\Desktop\Rakieta - 10.06\Rakieta\Lib_MCU\Debug\libLib_MCU.a(lpc17xx_gpio.o)
                               0x8dea (size before relaxing)
 .debug_str     0x000146a6      0x34c C:\Users\student\Desktop\Rakieta - 10.06\Rakieta\Lib_MCU\Debug\libLib_MCU.a(lpc17xx_i2c.o)
                               0xadb8 (size before relaxing)
 .debug_str     0x000149f2      0x202 C:\Users\student\Desktop\Rakieta - 10.06\Rakieta\Lib_MCU\Debug\libLib_MCU.a(lpc17xx_pinsel.o)
                               0x8d11 (size before relaxing)
 .debug_str     0x00014bf4      0x1c5 C:\Users\student\Desktop\Rakieta - 10.06\Rakieta\Lib_MCU\Debug\libLib_MCU.a(lpc17xx_ssp.o)
                               0xac71 (size before relaxing)
 .debug_str     0x00014db9      0x454 C:\Users\student\Desktop\Rakieta - 10.06\Rakieta\Lib_MCU\Debug\libLib_MCU.a(lpc17xx_timer.o)
                               0xaa8a (size before relaxing)

.comment        0x00000000       0x4c
 .comment       0x00000000       0x4c ./src/cr_startup_lpc17.o
                                 0x4d (size before relaxing)
 .comment       0x0000004c       0x4d ./src/eeprom.o
 .comment       0x0000004c       0x4d ./src/main.o
 .comment       0x0000004c       0x4d ./src/myAcc.o
 .comment       0x0000004c       0x4d ./src/myBarometr.o
 .comment       0x0000004c       0x4d ./src/myEmbededTemp.o
 .comment       0x0000004c       0x4d ./src/myJoystick.o
 .comment       0x0000004c       0x4d ./src/myLight.o
 .comment       0x0000004c       0x4d ./src/myOled.o
 .comment       0x0000004c       0x4d ./src/myTemp.o
 .comment       0x0000004c       0x4d C:\Users\student\Desktop\Rakieta - 10.06\Rakieta\Lib_CMSISv1p30_LPC17xx\Debug\libCMSISv1p30_LPC17xx.a(system_LPC17xx.o)